
Raja@DESKTOP-8JP7BUF MINGW64 ~/Downloads
$ chmod 400 sirisha.pem

Raja@DESKTOP-8JP7BUF MINGW64 ~/Downloads
$ ssh -i "sirisha.pem" centos@54.89.131.228
The authenticity of host '54.89.131.228 (54.89.131.228)' can't be established.
ECDSA key fingerprint is SHA256:uoG6iu5VQhl6stKqm9l2rPtfWHvTp+X6lOgzYT/0Fvk.
Are you sure you want to continue connecting (yes/no)? yes
Warning: Permanently added '54.89.131.228' (ECDSA) to the list of known hosts.
[centos@ip-10-100-10-75 ~]$ sudo yum insta',
>
[centos@ip-10-100-10-75 ~]$ sudo yum install -y git
Loaded plugins: fastestmirror
Determining fastest mirrors
 * base: repos-va.psychz.net
 * extras: repos-va.psychz.net
 * updates: repos-va.psychz.net
base                                                                                               | 3.6 kB  00:00:00

extras                                                                                             | 3.4 kB  00:00:00

updates                                                                                            | 3.4 kB  00:00:00

(1/4): base/7/x86_64/group_gz                                                                      | 166 kB  00:00:00

(2/4): extras/7/x86_64/primary_db                                                                  | 201 kB  00:00:00

(3/4): base/7/x86_64/primary_db                                                                    | 6.0 MB  00:00:00

(4/4): updates/7/x86_64/primary_db                                                                 | 4.2 MB  00:00:00

Resolving Dependencies
--> Running transaction check
---> Package git.x86_64 0:1.8.3.1-20.el7 will be installed
--> Processing Dependency: perl-Git = 1.8.3.1-20.el7 for package: git-1.8.3.1-20.el7.x86_64
--> Processing Dependency: perl >= 5.008 for package: git-1.8.3.1-20.el7.x86_64
--> Processing Dependency: perl(warnings) for package: git-1.8.3.1-20.el7.x86_64
--> Processing Dependency: perl(vars) for package: git-1.8.3.1-20.el7.x86_64
--> Processing Dependency: perl(strict) for package: git-1.8.3.1-20.el7.x86_64
--> Processing Dependency: perl(lib) for package: git-1.8.3.1-20.el7.x86_64
--> Processing Dependency: perl(Term::ReadKey) for package: git-1.8.3.1-20.el7.x86_64
--> Processing Dependency: perl(Git) for package: git-1.8.3.1-20.el7.x86_64
--> Processing Dependency: perl(Getopt::Long) for package: git-1.8.3.1-20.el7.x86_64
--> Processing Dependency: perl(File::stat) for package: git-1.8.3.1-20.el7.x86_64
--> Processing Dependency: perl(File::Temp) for package: git-1.8.3.1-20.el7.x86_64
--> Processing Dependency: perl(File::Spec) for package: git-1.8.3.1-20.el7.x86_64
--> Processing Dependency: perl(File::Path) for package: git-1.8.3.1-20.el7.x86_64
--> Processing Dependency: perl(File::Find) for package: git-1.8.3.1-20.el7.x86_64
--> Processing Dependency: perl(File::Copy) for package: git-1.8.3.1-20.el7.x86_64
--> Processing Dependency: perl(File::Basename) for package: git-1.8.3.1-20.el7.x86_64
--> Processing Dependency: perl(Exporter) for package: git-1.8.3.1-20.el7.x86_64
--> Processing Dependency: perl(Error) for package: git-1.8.3.1-20.el7.x86_64
--> Processing Dependency: /usr/bin/perl for package: git-1.8.3.1-20.el7.x86_64
--> Running transaction check
---> Package perl.x86_64 4:5.16.3-294.el7_6 will be installed
--> Processing Dependency: perl-libs = 4:5.16.3-294.el7_6 for package: 4:perl-5.16.3-294.el7_6.x86_64
--> Processing Dependency: perl(Socket) >= 1.3 for package: 4:perl-5.16.3-294.el7_6.x86_64
--> Processing Dependency: perl(Scalar::Util) >= 1.10 for package: 4:perl-5.16.3-294.el7_6.x86_64
--> Processing Dependency: perl-macros for package: 4:perl-5.16.3-294.el7_6.x86_64
--> Processing Dependency: perl-libs for package: 4:perl-5.16.3-294.el7_6.x86_64
--> Processing Dependency: perl(threads::shared) for package: 4:perl-5.16.3-294.el7_6.x86_64
--> Processing Dependency: perl(threads) for package: 4:perl-5.16.3-294.el7_6.x86_64
--> Processing Dependency: perl(constant) for package: 4:perl-5.16.3-294.el7_6.x86_64
--> Processing Dependency: perl(Time::Local) for package: 4:perl-5.16.3-294.el7_6.x86_64
--> Processing Dependency: perl(Time::HiRes) for package: 4:perl-5.16.3-294.el7_6.x86_64
--> Processing Dependency: perl(Storable) for package: 4:perl-5.16.3-294.el7_6.x86_64
--> Processing Dependency: perl(Socket) for package: 4:perl-5.16.3-294.el7_6.x86_64
--> Processing Dependency: perl(Scalar::Util) for package: 4:perl-5.16.3-294.el7_6.x86_64
--> Processing Dependency: perl(Pod::Simple::XHTML) for package: 4:perl-5.16.3-294.el7_6.x86_64
--> Processing Dependency: perl(Pod::Simple::Search) for package: 4:perl-5.16.3-294.el7_6.x86_64
--> Processing Dependency: perl(Filter::Util::Call) for package: 4:perl-5.16.3-294.el7_6.x86_64
--> Processing Dependency: perl(Carp) for package: 4:perl-5.16.3-294.el7_6.x86_64
--> Processing Dependency: libperl.so()(64bit) for package: 4:perl-5.16.3-294.el7_6.x86_64
---> Package perl-Error.noarch 1:0.17020-2.el7 will be installed
---> Package perl-Exporter.noarch 0:5.68-3.el7 will be installed
---> Package perl-File-Path.noarch 0:2.09-2.el7 will be installed
---> Package perl-File-Temp.noarch 0:0.23.01-3.el7 will be installed
---> Package perl-Getopt-Long.noarch 0:2.40-3.el7 will be installed
--> Processing Dependency: perl(Pod::Usage) >= 1.14 for package: perl-Getopt-Long-2.40-3.el7.noarch
--> Processing Dependency: perl(Text::ParseWords) for package: perl-Getopt-Long-2.40-3.el7.noarch
---> Package perl-Git.noarch 0:1.8.3.1-20.el7 will be installed
---> Package perl-PathTools.x86_64 0:3.40-5.el7 will be installed
---> Package perl-TermReadKey.x86_64 0:2.30-20.el7 will be installed
--> Running transaction check
---> Package perl-Carp.noarch 0:1.26-244.el7 will be installed
---> Package perl-Filter.x86_64 0:1.49-3.el7 will be installed
---> Package perl-Pod-Simple.noarch 1:3.28-4.el7 will be installed
--> Processing Dependency: perl(Pod::Escapes) >= 1.04 for package: 1:perl-Pod-Simple-3.28-4.el7.noarch
--> Processing Dependency: perl(Encode) for package: 1:perl-Pod-Simple-3.28-4.el7.noarch
---> Package perl-Pod-Usage.noarch 0:1.63-3.el7 will be installed
--> Processing Dependency: perl(Pod::Text) >= 3.15 for package: perl-Pod-Usage-1.63-3.el7.noarch
--> Processing Dependency: perl-Pod-Perldoc for package: perl-Pod-Usage-1.63-3.el7.noarch
---> Package perl-Scalar-List-Utils.x86_64 0:1.27-248.el7 will be installed
---> Package perl-Socket.x86_64 0:2.010-4.el7 will be installed
---> Package perl-Storable.x86_64 0:2.45-3.el7 will be installed
---> Package perl-Text-ParseWords.noarch 0:3.29-4.el7 will be installed
---> Package perl-Time-HiRes.x86_64 4:1.9725-3.el7 will be installed
---> Package perl-Time-Local.noarch 0:1.2300-2.el7 will be installed
---> Package perl-constant.noarch 0:1.27-2.el7 will be installed
---> Package perl-libs.x86_64 4:5.16.3-294.el7_6 will be installed
---> Package perl-macros.x86_64 4:5.16.3-294.el7_6 will be installed
---> Package perl-threads.x86_64 0:1.87-4.el7 will be installed
---> Package perl-threads-shared.x86_64 0:1.43-6.el7 will be installed
--> Running transaction check
---> Package perl-Encode.x86_64 0:2.51-7.el7 will be installed
---> Package perl-Pod-Escapes.noarch 1:1.04-294.el7_6 will be installed
---> Package perl-Pod-Perldoc.noarch 0:3.20-4.el7 will be installed
--> Processing Dependency: perl(parent) for package: perl-Pod-Perldoc-3.20-4.el7.noarch
--> Processing Dependency: perl(HTTP::Tiny) for package: perl-Pod-Perldoc-3.20-4.el7.noarch
---> Package perl-podlators.noarch 0:2.5.1-3.el7 will be installed
--> Running transaction check
---> Package perl-HTTP-Tiny.noarch 0:0.033-3.el7 will be installed
---> Package perl-parent.noarch 1:0.225-244.el7 will be installed
--> Finished Dependency Resolution

Dependencies Resolved

==========================================================================================================================

 Package                              Arch                 Version                            Repository             Size
==========================================================================================================================

Installing:
 git                                  x86_64               1.8.3.1-20.el7                     updates               4.4 M
Installing for dependencies:
 perl                                 x86_64               4:5.16.3-294.el7_6                 updates               8.0 M
 perl-Carp                            noarch               1.26-244.el7                       base                   19 k
 perl-Encode                          x86_64               2.51-7.el7                         base                  1.5 M
 perl-Error                           noarch               1:0.17020-2.el7                    base                   32 k
 perl-Exporter                        noarch               5.68-3.el7                         base                   28 k
 perl-File-Path                       noarch               2.09-2.el7                         base                   26 k
 perl-File-Temp                       noarch               0.23.01-3.el7                      base                   56 k
 perl-Filter                          x86_64               1.49-3.el7                         base                   76 k
 perl-Getopt-Long                     noarch               2.40-3.el7                         base                   56 k
 perl-Git                             noarch               1.8.3.1-20.el7                     updates                55 k
 perl-HTTP-Tiny                       noarch               0.033-3.el7                        base                   38 k
 perl-PathTools                       x86_64               3.40-5.el7                         base                   82 k
 perl-Pod-Escapes                     noarch               1:1.04-294.el7_6                   updates                51 k
 perl-Pod-Perldoc                     noarch               3.20-4.el7                         base                   87 k
 perl-Pod-Simple                      noarch               1:3.28-4.el7                       base                  216 k
 perl-Pod-Usage                       noarch               1.63-3.el7                         base                   27 k
 perl-Scalar-List-Utils               x86_64               1.27-248.el7                       base                   36 k
 perl-Socket                          x86_64               2.010-4.el7                        base                   49 k
 perl-Storable                        x86_64               2.45-3.el7                         base                   77 k
 perl-TermReadKey                     x86_64               2.30-20.el7                        base                   31 k
 perl-Text-ParseWords                 noarch               3.29-4.el7                         base                   14 k
 perl-Time-HiRes                      x86_64               4:1.9725-3.el7                     base                   45 k
 perl-Time-Local                      noarch               1.2300-2.el7                       base                   24 k
 perl-constant                        noarch               1.27-2.el7                         base                   19 k
 perl-libs                            x86_64               4:5.16.3-294.el7_6                 updates               688 k
 perl-macros                          x86_64               4:5.16.3-294.el7_6                 updates                44 k
 perl-parent                          noarch               1:0.225-244.el7                    base                   12 k
 perl-podlators                       noarch               2.5.1-3.el7                        base                  112 k
 perl-threads                         x86_64               1.87-4.el7                         base                   49 k
 perl-threads-shared                  x86_64               1.43-6.el7                         base                   39 k

Transaction Summary
==========================================================================================================================

Install  1 Package (+30 Dependent packages)

Total download size: 16 M
Installed size: 59 M
Downloading packages:
warning: /var/cache/yum/x86_64/7/base/packages/perl-Carp-1.26-244.el7.noarch.rpm: Header V3 RSA/SHA256 Signature, key ID f
4a80eb5: NOKEY
Public key for perl-Carp-1.26-244.el7.noarch.rpm is not installed
(1/31): perl-Carp-1.26-244.el7.noarch.rpm                                                          |  19 kB  00:00:00

(2/31): perl-Exporter-5.68-3.el7.noarch.rpm                                                        |  28 kB  00:00:00

(3/31): perl-Error-0.17020-2.el7.noarch.rpm                                                        |  32 kB  00:00:00

(4/31): perl-File-Path-2.09-2.el7.noarch.rpm                                                       |  26 kB  00:00:00

(5/31): perl-Filter-1.49-3.el7.x86_64.rpm                                                          |  76 kB  00:00:00

(6/31): perl-Getopt-Long-2.40-3.el7.noarch.rpm                                                     |  56 kB  00:00:00

(7/31): perl-File-Temp-0.23.01-3.el7.noarch.rpm                                                    |  56 kB  00:00:00

(8/31): perl-HTTP-Tiny-0.033-3.el7.noarch.rpm                                                      |  38 kB  00:00:00

(9/31): perl-PathTools-3.40-5.el7.x86_64.rpm                                                       |  82 kB  00:00:00

Public key for git-1.8.3.1-20.el7.x86_64.rpm is not installed
(10/31): git-1.8.3.1-20.el7.x86_64.rpm                                                             | 4.4 MB  00:00:00

(11/31): perl-Git-1.8.3.1-20.el7.noarch.rpm                                                        |  55 kB  00:00:00

(12/31): perl-Pod-Escapes-1.04-294.el7_6.noarch.rpm                                                |  51 kB  00:00:00

(13/31): perl-Pod-Perldoc-3.20-4.el7.noarch.rpm                                                    |  87 kB  00:00:00

(14/31): perl-Pod-Simple-3.28-4.el7.noarch.rpm                                                     | 216 kB  00:00:00

(15/31): perl-Encode-2.51-7.el7.x86_64.rpm                                                         | 1.5 MB  00:00:00

(16/31): perl-Pod-Usage-1.63-3.el7.noarch.rpm                                                      |  27 kB  00:00:00

(17/31): perl-Scalar-List-Utils-1.27-248.el7.x86_64.rpm                                            |  36 kB  00:00:00

(19/31): perl-Socket-2.010-4.el7.x86_64.rpm    85% [==============================-     ]  0.0 B/s |  14 MB  --:--:-- ETA
(18/31): perl-Storable-2.45-3.el7.x86_64.rpm                                                       |  77 kB  00:00:00

(19/31): perl-TermReadKey-2.30-20.el7.x86_64.rpm                                                   |  31 kB  00:00:00

(20/31): perl-Text-ParseWords-3.29-4.el7.noarch.rpm                                                |  14 kB  00:00:00

(21/31): perl-Socket-2.010-4.el7.x86_64.rpm                                                        |  49 kB  00:00:00

(22/31): perl-Time-Local-1.2300-2.el7.noarch.rpm                                                   |  24 kB  00:00:00

(23/31): perl-Time-HiRes-1.9725-3.el7.x86_64.rpm                                                   |  45 kB  00:00:00

(24/31): perl-5.16.3-294.el7_6.x86_64.rpm                                                          | 8.0 MB  00:00:00

(25/31): perl-constant-1.27-2.el7.noarch.rpm                                                       |  19 kB  00:00:00

(26/31): perl-macros-5.16.3-294.el7_6.x86_64.rpm                                                   |  44 kB  00:00:00

(27/31): perl-podlators-2.5.1-3.el7.noarch.rpm                                                     | 112 kB  00:00:00

(28/31): perl-threads-shared-1.43-6.el7.x86_64.rpm                                                 |  39 kB  00:00:00

(29/31): perl-parent-0.225-244.el7.noarch.rpm                                                      |  12 kB  00:00:00

(30/31): perl-libs-5.16.3-294.el7_6.x86_64.rpm                                                     | 688 kB  00:00:00

(31/31): perl-threads-1.87-4.el7.x86_64.rpm                                                        |  49 kB  00:00:00

--------------------------------------------------------------------------------------------------------------------------

Total                                                                                      20 MB/s |  16 MB  00:00:00

Retrieving key from file:///etc/pki/rpm-gpg/RPM-GPG-KEY-CentOS-7
Importing GPG key 0xF4A80EB5:
 Userid     : "CentOS-7 Key (CentOS 7 Official Signing Key) <security@centos.org>"
 Fingerprint: 6341 ab27 53d7 8a78 a7c2 7bb1 24c6 a8a7 f4a8 0eb5
 Package    : centos-release-7-6.1810.2.el7.centos.x86_64 (installed)
 From       : /etc/pki/rpm-gpg/RPM-GPG-KEY-CentOS-7
Running transaction check
Running transaction test
Transaction test succeeded
Running transaction
  Installing : 1:perl-parent-0.225-244.el7.noarch                                                                    1/31

  Installing : perl-HTTP-Tiny-0.033-3.el7.noarch                                                                     2/31

  Installing : perl-podlators-2.5.1-3.el7.noarch                                                                     3/31

  Installing : perl-Pod-Perldoc-3.20-4.el7.noarch                                                                    4/31

  Installing : 1:perl-Pod-Escapes-1.04-294.el7_6.noarch                                                              5/31

  Installing : perl-Encode-2.51-7.el7.x86_64                                                                         6/31

  Installing : perl-Text-ParseWords-3.29-4.el7.noarch                                                                7/31

  Installing : perl-Pod-Usage-1.63-3.el7.noarch                                                                      8/31

  Installing : 4:perl-libs-5.16.3-294.el7_6.x86_64                                                                   9/31

  Installing : 4:perl-macros-5.16.3-294.el7_6.x86_64                                                                10/31

  Installing : 4:perl-Time-HiRes-1.9725-3.el7.x86_64                                                                11/31

  Installing : perl-Exporter-5.68-3.el7.noarch                                                                      12/31

  Installing : perl-constant-1.27-2.el7.noarch                                                                      13/31

  Installing : perl-Time-Local-1.2300-2.el7.noarch                                                                  14/31

  Installing : perl-Socket-2.010-4.el7.x86_64                                                                       15/31

  Installing : perl-Carp-1.26-244.el7.noarch                                                                        16/31

  Installing : perl-Storable-2.45-3.el7.x86_64                                                                      17/31

  Installing : perl-PathTools-3.40-5.el7.x86_64                                                                     18/31

  Installing : perl-Scalar-List-Utils-1.27-248.el7.x86_64                                                           19/31

  Installing : perl-File-Temp-0.23.01-3.el7.noarch                                                                  20/31

  Installing : perl-File-Path-2.09-2.el7.noarch                                                                     21/31

  Installing : perl-threads-shared-1.43-6.el7.x86_64                                                                22/31

  Installing : perl-threads-1.87-4.el7.x86_64                                                                       23/31

  Installing : 1:perl-Pod-Simple-3.28-4.el7.noarch                                                                  24/31

  Installing : perl-Filter-1.49-3.el7.x86_64                                                                        25/31

  Installing : perl-Getopt-Long-2.40-3.el7.noarch                                                                   26/31

  Installing : 4:perl-5.16.3-294.el7_6.x86_64                                                                       27/31

  Installing : 1:perl-Error-0.17020-2.el7.noarch                                                                    28/31

  Installing : perl-TermReadKey-2.30-20.el7.x86_64                                                                  29/31

  Installing : perl-Git-1.8.3.1-20.el7.noarch                                                                       30/31

  Installing : git-1.8.3.1-20.el7.x86_64                                                                            31/31

  Verifying  : perl-HTTP-Tiny-0.033-3.el7.noarch                                                                     1/31

  Verifying  : perl-threads-shared-1.43-6.el7.x86_64                                                                 2/31

  Verifying  : 4:perl-Time-HiRes-1.9725-3.el7.x86_64                                                                 3/31

  Verifying  : 1:perl-Pod-Escapes-1.04-294.el7_6.noarch                                                              4/31

  Verifying  : perl-Exporter-5.68-3.el7.noarch                                                                       5/31

  Verifying  : perl-constant-1.27-2.el7.noarch                                                                       6/31

  Verifying  : perl-PathTools-3.40-5.el7.x86_64                                                                      7/31

  Verifying  : 1:perl-parent-0.225-244.el7.noarch                                                                    8/31

  Verifying  : perl-TermReadKey-2.30-20.el7.x86_64                                                                   9/31

  Verifying  : 4:perl-libs-5.16.3-294.el7_6.x86_64                                                                  10/31

  Verifying  : perl-File-Temp-0.23.01-3.el7.noarch                                                                  11/31

  Verifying  : perl-Git-1.8.3.1-20.el7.noarch                                                                       12/31

  Verifying  : perl-Time-Local-1.2300-2.el7.noarch                                                                  13/31

  Verifying  : 4:perl-macros-5.16.3-294.el7_6.x86_64                                                                14/31

  Verifying  : perl-Socket-2.010-4.el7.x86_64                                                                       15/31

  Verifying  : perl-Carp-1.26-244.el7.noarch                                                                        16/31

  Verifying  : 1:perl-Error-0.17020-2.el7.noarch                                                                    17/31

  Verifying  : git-1.8.3.1-20.el7.x86_64                                                                            18/31

  Verifying  : perl-Storable-2.45-3.el7.x86_64                                                                      19/31

  Verifying  : perl-Scalar-List-Utils-1.27-248.el7.x86_64                                                           20/31

  Verifying  : perl-Pod-Usage-1.63-3.el7.noarch                                                                     21/31

  Verifying  : perl-Encode-2.51-7.el7.x86_64                                                                        22/31

  Verifying  : perl-Pod-Perldoc-3.20-4.el7.noarch                                                                   23/31

  Verifying  : perl-podlators-2.5.1-3.el7.noarch                                                                    24/31

  Verifying  : perl-File-Path-2.09-2.el7.noarch                                                                     25/31

  Verifying  : perl-threads-1.87-4.el7.x86_64                                                                       26/31

  Verifying  : 1:perl-Pod-Simple-3.28-4.el7.noarch                                                                  27/31

  Verifying  : perl-Filter-1.49-3.el7.x86_64                                                                        28/31

  Verifying  : perl-Getopt-Long-2.40-3.el7.noarch                                                                   29/31

  Verifying  : perl-Text-ParseWords-3.29-4.el7.noarch                                                               30/31

  Verifying  : 4:perl-5.16.3-294.el7_6.x86_64                                                                       31/31


Installed:
  git.x86_64 0:1.8.3.1-20.el7


Dependency Installed:
  perl.x86_64 4:5.16.3-294.el7_6                                 perl-Carp.noarch 0:1.26-244.el7

  perl-Encode.x86_64 0:2.51-7.el7                                perl-Error.noarch 1:0.17020-2.el7

  perl-Exporter.noarch 0:5.68-3.el7                              perl-File-Path.noarch 0:2.09-2.el7

  perl-File-Temp.noarch 0:0.23.01-3.el7                          perl-Filter.x86_64 0:1.49-3.el7

  perl-Getopt-Long.noarch 0:2.40-3.el7                           perl-Git.noarch 0:1.8.3.1-20.el7

  perl-HTTP-Tiny.noarch 0:0.033-3.el7                            perl-PathTools.x86_64 0:3.40-5.el7

  perl-Pod-Escapes.noarch 1:1.04-294.el7_6                       perl-Pod-Perldoc.noarch 0:3.20-4.el7

  perl-Pod-Simple.noarch 1:3.28-4.el7                            perl-Pod-Usage.noarch 0:1.63-3.el7

  perl-Scalar-List-Utils.x86_64 0:1.27-248.el7                   perl-Socket.x86_64 0:2.010-4.el7

  perl-Storable.x86_64 0:2.45-3.el7                              perl-TermReadKey.x86_64 0:2.30-20.el7

  perl-Text-ParseWords.noarch 0:3.29-4.el7                       perl-Time-HiRes.x86_64 4:1.9725-3.el7

  perl-Time-Local.noarch 0:1.2300-2.el7                          perl-constant.noarch 0:1.27-2.el7

  perl-libs.x86_64 4:5.16.3-294.el7_6                            perl-macros.x86_64 4:5.16.3-294.el7_6

  perl-parent.noarch 1:0.225-244.el7                             perl-podlators.noarch 0:2.5.1-3.el7

  perl-threads.x86_64 0:1.87-4.el7                               perl-threads-shared.x86_64 0:1.43-6.el7


Complete!
[centos@ip-10-100-10-75 ~]$ sudo wget https://download.oracle.com/otn-pub/java/jdk/12.0.1+12/69cfe15208a647278a19ef0990ee
a691/jdk-12.0.1_linux-x64_bin.tar.gz
sudo: wget: command not found
[centos@ip-10-100-10-75 ~]$ sudo yum install-y wget
Loaded plugins: fastestmirror
No such command: install-y. Please use /bin/yum --help
[centos@ip-10-100-10-75 ~]$ sudo yum install -y wget
Loaded plugins: fastestmirror
Loading mirror speeds from cached hostfile
 * base: repos-va.psychz.net
 * extras: repos-va.psychz.net
 * updates: repos-va.psychz.net
Resolving Dependencies
--> Running transaction check
---> Package wget.x86_64 0:1.14-18.el7 will be installed
--> Finished Dependency Resolution

Dependencies Resolved

==========================================================================================================================

 Package                   Arch                        Version                            Repository                 Size
==========================================================================================================================

Installing:
 wget                      x86_64                      1.14-18.el7                        base                      547 k

Transaction Summary
==========================================================================================================================

Install  1 Package

Total download size: 547 k
Installed size: 2.0 M
Downloading packages:
wget-1.14-18.el7.x86_64.rpm                                                                        | 547 kB  00:00:00

Running transaction check
Running transaction test
Transaction test succeeded
Running transaction
  Installing : wget-1.14-18.el7.x86_64                                                                                1/1

  Verifying  : wget-1.14-18.el7.x86_64                                                                                1/1


Installed:
  wget.x86_64 0:1.14-18.el7


Complete!
[centos@ip-10-100-10-75 ~]$ sudo wget https://download.oracle.com/otn-pub/java/jdk/12.0.1+12/69cfe15208a647278a19ef0990ee
a691/jdk-12.0.1_linux-x64_bin.tar.gz
--2019-05-09 05:39:03--  https://download.oracle.com/otn-pub/java/jdk/12.0.1+12/69cfe15208a647278a19ef0990eea691/jdk-12.0.
1_linux-x64_bin.tar.gz
Resolving download.oracle.com (download.oracle.com)... 104.91.42.128
Connecting to download.oracle.com (download.oracle.com)|104.91.42.128|:443... connected.
HTTP request sent, awaiting response... 302 Moved Temporarily
Location: https://edelivery.oracle.com/otn-pub/java/jdk/12.0.1+12/69cfe15208a647278a19ef0990eea691/jdk-12.0.1_linux-x64_bi
n.tar.gz [following]
--2019-05-09 05:39:03--  https://edelivery.oracle.com/otn-pub/java/jdk/12.0.1+12/69cfe15208a647278a19ef0990eea691/jdk-12.0
.1_linux-x64_bin.tar.gz
Resolving edelivery.oracle.com (edelivery.oracle.com)... 23.218.130.184, 2600:1408:a800:2ae::366, 2600:1408:a800:288::366
Connecting to edelivery.oracle.com (edelivery.oracle.com)|23.218.130.184|:443... connected.
HTTP request sent, awaiting response... 302 Moved Temporarily
Location: http://download.oracle.com/errors/download-fail-1505220.html [following]
--2019-05-09 05:39:04--  http://download.oracle.com/errors/download-fail-1505220.html
Connecting to download.oracle.com (download.oracle.com)|104.91.42.128|:80... connected.
HTTP request sent, awaiting response... 301 Moved Permanently
Location: https://download.oracle.com/errors/download-fail-1505220.html [following]
--2019-05-09 05:39:04--  https://download.oracle.com/errors/download-fail-1505220.html
Connecting to download.oracle.com (download.oracle.com)|104.91.42.128|:443... connected.
HTTP request sent, awaiting response... 200 OK
Length: 5307 (5.2K) [text/html]
Saving to: ‘jdk-12.0.1_linux-x64_bin.tar.gz’

100%[================================================================================>] 5,307       --.-K/s   in 0s

2019-05-09 05:39:04 (771 MB/s) - ‘jdk-12.0.1_linux-x64_bin.tar.gz’ saved [5307/5307]

[centos@ip-10-100-10-75 ~]$ ll
total 8
-rw-r--r--. 1 root root 5307 Mar 20  2012 jdk-12.0.1_linux-x64_bin.tar.gz
[centos@ip-10-100-10-75 ~]$ ls -lha
total 20K
drwx------. 3 centos centos  113 May  9 05:39 .
drwxr-xr-x. 3 root   root     20 May  9 05:35 ..
-rw-r--r--. 1 centos centos   18 Oct 30  2018 .bash_logout
-rw-r--r--. 1 centos centos  193 Oct 30  2018 .bash_profile
-rw-r--r--. 1 centos centos  231 Oct 30  2018 .bashrc
-rw-r--r--. 1 root   root   5.2K Mar 20  2012 jdk-12.0.1_linux-x64_bin.tar.gz
drwx------. 2 centos centos   29 May  9 05:35 .ssh
[centos@ip-10-100-10-75 ~]$ wget -O /etc/yum.repos.d/jenkins.repo http://pkg.jenkins.io/redhat-stable/jenkins.repo
/etc/yum.repos.d/jenkins.repo: Permission denied
[centos@ip-10-100-10-75 ~]$
[centos@ip-10-100-10-75 ~]$ sudo wget -O /etc/yum.repos.d/jenkins.repo http://pkg.jenkins.io/redhat-stable/jenkins.repo
--2019-05-09 05:41:52--  http://pkg.jenkins.io/redhat-stable/jenkins.repo
Resolving pkg.jenkins.io (pkg.jenkins.io)... 52.202.51.185
Connecting to pkg.jenkins.io (pkg.jenkins.io)|52.202.51.185|:80... connected.
HTTP request sent, awaiting response... 200 OK
Length: 85
Saving to: ‘/etc/yum.repos.d/jenkins.repo’

100%[================================================================================>] 85          --.-K/s   in 0s

2019-05-09 05:41:53 (15.8 MB/s) - ‘/etc/yum.repos.d/jenkins.repo’ saved [85/85]

[centos@ip-10-100-10-75 ~]$ sudo rpm --import http://pkg.jenkins.io/redhat-stable/jenkins.io.key
[centos@ip-10-100-10-75 ~]$ sudo yum install jenkins java-1.8.0-openjdk -y
Loaded plugins: fastestmirror
Loading mirror speeds from cached hostfile
 * base: repos-va.psychz.net
 * extras: repos-va.psychz.net
 * updates: repos-va.psychz.net
jenkins                                                                                            | 2.9 kB  00:00:00

jenkins/primary_db                                                                                 |  28 kB  00:00:00

Resolving Dependencies
--> Running transaction check
---> Package java-1.8.0-openjdk.x86_64 1:1.8.0.212.b04-0.el7_6 will be installed
--> Processing Dependency: java-1.8.0-openjdk-headless(x86-64) = 1:1.8.0.212.b04-0.el7_6 for package: 1:java-1.8.0-openjdk
-1.8.0.212.b04-0.el7_6.x86_64
--> Processing Dependency: xorg-x11-fonts-Type1 for package: 1:java-1.8.0-openjdk-1.8.0.212.b04-0.el7_6.x86_64
--> Processing Dependency: libjvm.so(SUNWprivate_1.1)(64bit) for package: 1:java-1.8.0-openjdk-1.8.0.212.b04-0.el7_6.x86_6
4
--> Processing Dependency: libjpeg.so.62(LIBJPEG_6.2)(64bit) for package: 1:java-1.8.0-openjdk-1.8.0.212.b04-0.el7_6.x86_6
4
--> Processing Dependency: libjava.so(SUNWprivate_1.1)(64bit) for package: 1:java-1.8.0-openjdk-1.8.0.212.b04-0.el7_6.x86_
64
--> Processing Dependency: libasound.so.2(ALSA_0.9.0rc4)(64bit) for package: 1:java-1.8.0-openjdk-1.8.0.212.b04-0.el7_6.x8
6_64
--> Processing Dependency: libasound.so.2(ALSA_0.9)(64bit) for package: 1:java-1.8.0-openjdk-1.8.0.212.b04-0.el7_6.x86_64
--> Processing Dependency: libXcomposite(x86-64) for package: 1:java-1.8.0-openjdk-1.8.0.212.b04-0.el7_6.x86_64
--> Processing Dependency: gtk2(x86-64) for package: 1:java-1.8.0-openjdk-1.8.0.212.b04-0.el7_6.x86_64
--> Processing Dependency: fontconfig(x86-64) for package: 1:java-1.8.0-openjdk-1.8.0.212.b04-0.el7_6.x86_64
--> Processing Dependency: libjvm.so()(64bit) for package: 1:java-1.8.0-openjdk-1.8.0.212.b04-0.el7_6.x86_64
--> Processing Dependency: libjpeg.so.62()(64bit) for package: 1:java-1.8.0-openjdk-1.8.0.212.b04-0.el7_6.x86_64
--> Processing Dependency: libjava.so()(64bit) for package: 1:java-1.8.0-openjdk-1.8.0.212.b04-0.el7_6.x86_64
--> Processing Dependency: libgif.so.4()(64bit) for package: 1:java-1.8.0-openjdk-1.8.0.212.b04-0.el7_6.x86_64
--> Processing Dependency: libasound.so.2()(64bit) for package: 1:java-1.8.0-openjdk-1.8.0.212.b04-0.el7_6.x86_64
--> Processing Dependency: libXtst.so.6()(64bit) for package: 1:java-1.8.0-openjdk-1.8.0.212.b04-0.el7_6.x86_64
--> Processing Dependency: libXrender.so.1()(64bit) for package: 1:java-1.8.0-openjdk-1.8.0.212.b04-0.el7_6.x86_64
--> Processing Dependency: libXi.so.6()(64bit) for package: 1:java-1.8.0-openjdk-1.8.0.212.b04-0.el7_6.x86_64
--> Processing Dependency: libXext.so.6()(64bit) for package: 1:java-1.8.0-openjdk-1.8.0.212.b04-0.el7_6.x86_64
--> Processing Dependency: libX11.so.6()(64bit) for package: 1:java-1.8.0-openjdk-1.8.0.212.b04-0.el7_6.x86_64
---> Package jenkins.noarch 0:2.164.2-1.1 will be installed
--> Running transaction check
---> Package alsa-lib.x86_64 0:1.1.6-2.el7 will be installed
---> Package fontconfig.x86_64 0:2.13.0-4.3.el7 will be installed
--> Processing Dependency: fontpackages-filesystem for package: fontconfig-2.13.0-4.3.el7.x86_64
--> Processing Dependency: dejavu-sans-fonts for package: fontconfig-2.13.0-4.3.el7.x86_64
---> Package giflib.x86_64 0:4.1.6-9.el7 will be installed
--> Processing Dependency: libSM.so.6()(64bit) for package: giflib-4.1.6-9.el7.x86_64
--> Processing Dependency: libICE.so.6()(64bit) for package: giflib-4.1.6-9.el7.x86_64
---> Package gtk2.x86_64 0:2.24.31-1.el7 will be installed
--> Processing Dependency: pango >= 1.20.0-1 for package: gtk2-2.24.31-1.el7.x86_64
--> Processing Dependency: libtiff >= 3.6.1 for package: gtk2-2.24.31-1.el7.x86_64
--> Processing Dependency: libXrandr >= 1.2.99.4-2 for package: gtk2-2.24.31-1.el7.x86_64
--> Processing Dependency: atk >= 1.29.4-2 for package: gtk2-2.24.31-1.el7.x86_64
--> Processing Dependency: hicolor-icon-theme for package: gtk2-2.24.31-1.el7.x86_64
--> Processing Dependency: gtk-update-icon-cache for package: gtk2-2.24.31-1.el7.x86_64
--> Processing Dependency: libpangoft2-1.0.so.0()(64bit) for package: gtk2-2.24.31-1.el7.x86_64
--> Processing Dependency: libpangocairo-1.0.so.0()(64bit) for package: gtk2-2.24.31-1.el7.x86_64
--> Processing Dependency: libpango-1.0.so.0()(64bit) for package: gtk2-2.24.31-1.el7.x86_64
--> Processing Dependency: libgdk_pixbuf-2.0.so.0()(64bit) for package: gtk2-2.24.31-1.el7.x86_64
--> Processing Dependency: libcups.so.2()(64bit) for package: gtk2-2.24.31-1.el7.x86_64
--> Processing Dependency: libcairo.so.2()(64bit) for package: gtk2-2.24.31-1.el7.x86_64
--> Processing Dependency: libatk-1.0.so.0()(64bit) for package: gtk2-2.24.31-1.el7.x86_64
--> Processing Dependency: libXrandr.so.2()(64bit) for package: gtk2-2.24.31-1.el7.x86_64
--> Processing Dependency: libXinerama.so.1()(64bit) for package: gtk2-2.24.31-1.el7.x86_64
--> Processing Dependency: libXfixes.so.3()(64bit) for package: gtk2-2.24.31-1.el7.x86_64
--> Processing Dependency: libXdamage.so.1()(64bit) for package: gtk2-2.24.31-1.el7.x86_64
--> Processing Dependency: libXcursor.so.1()(64bit) for package: gtk2-2.24.31-1.el7.x86_64
---> Package java-1.8.0-openjdk-headless.x86_64 1:1.8.0.212.b04-0.el7_6 will be installed
--> Processing Dependency: tzdata-java >= 2015d for package: 1:java-1.8.0-openjdk-headless-1.8.0.212.b04-0.el7_6.x86_64
--> Processing Dependency: copy-jdk-configs >= 3.3 for package: 1:java-1.8.0-openjdk-headless-1.8.0.212.b04-0.el7_6.x86_64

--> Processing Dependency: pcsc-lite-libs(x86-64) for package: 1:java-1.8.0-openjdk-headless-1.8.0.212.b04-0.el7_6.x86_64
--> Processing Dependency: lksctp-tools(x86-64) for package: 1:java-1.8.0-openjdk-headless-1.8.0.212.b04-0.el7_6.x86_64
--> Processing Dependency: jpackage-utils for package: 1:java-1.8.0-openjdk-headless-1.8.0.212.b04-0.el7_6.x86_64
---> Package libX11.x86_64 0:1.6.5-2.el7 will be installed
--> Processing Dependency: libX11-common >= 1.6.5-2.el7 for package: libX11-1.6.5-2.el7.x86_64
--> Processing Dependency: libxcb.so.1()(64bit) for package: libX11-1.6.5-2.el7.x86_64
---> Package libXcomposite.x86_64 0:0.4.4-4.1.el7 will be installed
---> Package libXext.x86_64 0:1.3.3-3.el7 will be installed
---> Package libXi.x86_64 0:1.7.9-1.el7 will be installed
---> Package libXrender.x86_64 0:0.9.10-1.el7 will be installed
---> Package libXtst.x86_64 0:1.2.3-1.el7 will be installed
---> Package libjpeg-turbo.x86_64 0:1.2.90-6.el7 will be installed
---> Package xorg-x11-fonts-Type1.noarch 0:7.5-9.el7 will be installed
--> Processing Dependency: ttmkfdir for package: xorg-x11-fonts-Type1-7.5-9.el7.noarch
--> Processing Dependency: ttmkfdir for package: xorg-x11-fonts-Type1-7.5-9.el7.noarch
--> Processing Dependency: mkfontdir for package: xorg-x11-fonts-Type1-7.5-9.el7.noarch
--> Processing Dependency: mkfontdir for package: xorg-x11-fonts-Type1-7.5-9.el7.noarch
--> Running transaction check
---> Package atk.x86_64 0:2.28.1-1.el7 will be installed
---> Package cairo.x86_64 0:1.15.12-3.el7 will be installed
--> Processing Dependency: libpixman-1.so.0()(64bit) for package: cairo-1.15.12-3.el7.x86_64
--> Processing Dependency: libGL.so.1()(64bit) for package: cairo-1.15.12-3.el7.x86_64
--> Processing Dependency: libEGL.so.1()(64bit) for package: cairo-1.15.12-3.el7.x86_64
---> Package copy-jdk-configs.noarch 0:3.3-10.el7_5 will be installed
---> Package cups-libs.x86_64 1:1.6.3-35.el7 will be installed
--> Processing Dependency: libavahi-common.so.3()(64bit) for package: 1:cups-libs-1.6.3-35.el7.x86_64
--> Processing Dependency: libavahi-client.so.3()(64bit) for package: 1:cups-libs-1.6.3-35.el7.x86_64
---> Package dejavu-sans-fonts.noarch 0:2.33-6.el7 will be installed
--> Processing Dependency: dejavu-fonts-common = 2.33-6.el7 for package: dejavu-sans-fonts-2.33-6.el7.noarch
---> Package fontpackages-filesystem.noarch 0:1.44-8.el7 will be installed
---> Package gdk-pixbuf2.x86_64 0:2.36.12-3.el7 will be installed
--> Processing Dependency: libjasper.so.1()(64bit) for package: gdk-pixbuf2-2.36.12-3.el7.x86_64
---> Package gtk-update-icon-cache.x86_64 0:3.22.30-3.el7 will be installed
---> Package hicolor-icon-theme.noarch 0:0.12-7.el7 will be installed
---> Package javapackages-tools.noarch 0:3.4.1-11.el7 will be installed
--> Processing Dependency: python-javapackages = 3.4.1-11.el7 for package: javapackages-tools-3.4.1-11.el7.noarch
--> Processing Dependency: libxslt for package: javapackages-tools-3.4.1-11.el7.noarch
---> Package libICE.x86_64 0:1.0.9-9.el7 will be installed
---> Package libSM.x86_64 0:1.2.2-2.el7 will be installed
---> Package libX11-common.noarch 0:1.6.5-2.el7 will be installed
---> Package libXcursor.x86_64 0:1.1.15-1.el7 will be installed
---> Package libXdamage.x86_64 0:1.1.4-4.1.el7 will be installed
---> Package libXfixes.x86_64 0:5.0.3-1.el7 will be installed
---> Package libXinerama.x86_64 0:1.1.3-2.1.el7 will be installed
---> Package libXrandr.x86_64 0:1.5.1-2.el7 will be installed
---> Package libtiff.x86_64 0:4.0.3-27.el7_3 will be installed
--> Processing Dependency: libjbig.so.2.0()(64bit) for package: libtiff-4.0.3-27.el7_3.x86_64
---> Package libxcb.x86_64 0:1.13-1.el7 will be installed
--> Processing Dependency: libXau.so.6()(64bit) for package: libxcb-1.13-1.el7.x86_64
---> Package lksctp-tools.x86_64 0:1.0.17-2.el7 will be installed
---> Package pango.x86_64 0:1.42.4-2.el7_6 will be installed
--> Processing Dependency: libthai(x86-64) >= 0.1.9 for package: pango-1.42.4-2.el7_6.x86_64
--> Processing Dependency: libXft(x86-64) >= 2.0.0 for package: pango-1.42.4-2.el7_6.x86_64
--> Processing Dependency: harfbuzz(x86-64) >= 1.4.2 for package: pango-1.42.4-2.el7_6.x86_64
--> Processing Dependency: fribidi(x86-64) >= 1.0 for package: pango-1.42.4-2.el7_6.x86_64
--> Processing Dependency: libthai.so.0(LIBTHAI_0.1)(64bit) for package: pango-1.42.4-2.el7_6.x86_64
--> Processing Dependency: libthai.so.0()(64bit) for package: pango-1.42.4-2.el7_6.x86_64
--> Processing Dependency: libharfbuzz.so.0()(64bit) for package: pango-1.42.4-2.el7_6.x86_64
--> Processing Dependency: libfribidi.so.0()(64bit) for package: pango-1.42.4-2.el7_6.x86_64
--> Processing Dependency: libXft.so.2()(64bit) for package: pango-1.42.4-2.el7_6.x86_64
---> Package pcsc-lite-libs.x86_64 0:1.8.8-8.el7 will be installed
---> Package ttmkfdir.x86_64 0:3.0.9-42.el7 will be installed
---> Package tzdata-java.noarch 0:2019a-1.el7 will be installed
---> Package xorg-x11-font-utils.x86_64 1:7.5-21.el7 will be installed
--> Processing Dependency: libfontenc.so.1()(64bit) for package: 1:xorg-x11-font-utils-7.5-21.el7.x86_64
--> Running transaction check
---> Package avahi-libs.x86_64 0:0.6.31-19.el7 will be installed
---> Package dejavu-fonts-common.noarch 0:2.33-6.el7 will be installed
---> Package fribidi.x86_64 0:1.0.2-1.el7 will be installed
---> Package harfbuzz.x86_64 0:1.7.5-2.el7 will be installed
--> Processing Dependency: libgraphite2.so.3()(64bit) for package: harfbuzz-1.7.5-2.el7.x86_64
---> Package jasper-libs.x86_64 0:1.900.1-33.el7 will be installed
---> Package jbigkit-libs.x86_64 0:2.0-11.el7 will be installed
---> Package libXau.x86_64 0:1.0.8-2.1.el7 will be installed
---> Package libXft.x86_64 0:2.3.2-2.el7 will be installed
---> Package libfontenc.x86_64 0:1.1.3-3.el7 will be installed
---> Package libglvnd-egl.x86_64 1:1.0.1-0.8.git5baa1e5.el7 will be installed
--> Processing Dependency: libglvnd(x86-64) = 1:1.0.1-0.8.git5baa1e5.el7 for package: 1:libglvnd-egl-1.0.1-0.8.git5baa1e5.
el7.x86_64
--> Processing Dependency: mesa-libEGL(x86-64) >= 13.0.4-1 for package: 1:libglvnd-egl-1.0.1-0.8.git5baa1e5.el7.x86_64
--> Processing Dependency: libGLdispatch.so.0()(64bit) for package: 1:libglvnd-egl-1.0.1-0.8.git5baa1e5.el7.x86_64
---> Package libglvnd-glx.x86_64 1:1.0.1-0.8.git5baa1e5.el7 will be installed
--> Processing Dependency: mesa-libGL(x86-64) >= 13.0.4-1 for package: 1:libglvnd-glx-1.0.1-0.8.git5baa1e5.el7.x86_64
---> Package libthai.x86_64 0:0.1.14-9.el7 will be installed
---> Package libxslt.x86_64 0:1.1.28-5.el7 will be installed
---> Package pixman.x86_64 0:0.34.0-1.el7 will be installed
---> Package python-javapackages.noarch 0:3.4.1-11.el7 will be installed
--> Processing Dependency: python-lxml for package: python-javapackages-3.4.1-11.el7.noarch
--> Running transaction check
---> Package graphite2.x86_64 0:1.3.10-1.el7_3 will be installed
---> Package libglvnd.x86_64 1:1.0.1-0.8.git5baa1e5.el7 will be installed
---> Package mesa-libEGL.x86_64 0:18.0.5-4.el7_6 will be installed
--> Processing Dependency: mesa-libgbm = 18.0.5-4.el7_6 for package: mesa-libEGL-18.0.5-4.el7_6.x86_64
--> Processing Dependency: libxshmfence.so.1()(64bit) for package: mesa-libEGL-18.0.5-4.el7_6.x86_64
--> Processing Dependency: libwayland-server.so.0()(64bit) for package: mesa-libEGL-18.0.5-4.el7_6.x86_64
--> Processing Dependency: libwayland-client.so.0()(64bit) for package: mesa-libEGL-18.0.5-4.el7_6.x86_64
--> Processing Dependency: libglapi.so.0()(64bit) for package: mesa-libEGL-18.0.5-4.el7_6.x86_64
--> Processing Dependency: libgbm.so.1()(64bit) for package: mesa-libEGL-18.0.5-4.el7_6.x86_64
--> Processing Dependency: libdrm.so.2()(64bit) for package: mesa-libEGL-18.0.5-4.el7_6.x86_64
---> Package mesa-libGL.x86_64 0:18.0.5-4.el7_6 will be installed
--> Processing Dependency: libXxf86vm.so.1()(64bit) for package: mesa-libGL-18.0.5-4.el7_6.x86_64
---> Package python-lxml.x86_64 0:3.2.1-4.el7 will be installed
--> Running transaction check
---> Package libXxf86vm.x86_64 0:1.1.4-1.el7 will be installed
---> Package libdrm.x86_64 0:2.4.91-3.el7 will be installed
--> Processing Dependency: libpciaccess.so.0()(64bit) for package: libdrm-2.4.91-3.el7.x86_64
---> Package libwayland-client.x86_64 0:1.15.0-1.el7 will be installed
---> Package libwayland-server.x86_64 0:1.15.0-1.el7 will be installed
---> Package libxshmfence.x86_64 0:1.2-1.el7 will be installed
---> Package mesa-libgbm.x86_64 0:18.0.5-4.el7_6 will be installed
---> Package mesa-libglapi.x86_64 0:18.0.5-4.el7_6 will be installed
--> Running transaction check
---> Package libpciaccess.x86_64 0:0.14-1.el7 will be installed
--> Finished Dependency Resolution

Dependencies Resolved

==========================================================================================================================

 Package                                Arch              Version                                Repository          Size
==========================================================================================================================

Installing:
 java-1.8.0-openjdk                     x86_64            1:1.8.0.212.b04-0.el7_6                updates            270 k
 jenkins                                noarch            2.164.2-1.1                            jenkins             74 M
Installing for dependencies:
 alsa-lib                               x86_64            1.1.6-2.el7                            base               424 k
 atk                                    x86_64            2.28.1-1.el7                           base               263 k
 avahi-libs                             x86_64            0.6.31-19.el7                          base                61 k
 cairo                                  x86_64            1.15.12-3.el7                          base               741 k
 copy-jdk-configs                       noarch            3.3-10.el7_5                           base                21 k
 cups-libs                              x86_64            1:1.6.3-35.el7                         base               357 k
 dejavu-fonts-common                    noarch            2.33-6.el7                             base                64 k
 dejavu-sans-fonts                      noarch            2.33-6.el7                             base               1.4 M
 fontconfig                             x86_64            2.13.0-4.3.el7                         base               254 k
 fontpackages-filesystem                noarch            1.44-8.el7                             base               9.9 k
 fribidi                                x86_64            1.0.2-1.el7                            base                79 k
 gdk-pixbuf2                            x86_64            2.36.12-3.el7                          base               570 k
 giflib                                 x86_64            4.1.6-9.el7                            base                40 k
 graphite2                              x86_64            1.3.10-1.el7_3                         base               115 k
 gtk-update-icon-cache                  x86_64            3.22.30-3.el7                          base                28 k
 gtk2                                   x86_64            2.24.31-1.el7                          base               3.4 M
 harfbuzz                               x86_64            1.7.5-2.el7                            base               267 k
 hicolor-icon-theme                     noarch            0.12-7.el7                             base                42 k
 jasper-libs                            x86_64            1.900.1-33.el7                         base               150 k
 java-1.8.0-openjdk-headless            x86_64            1:1.8.0.212.b04-0.el7_6                updates             32 M
 javapackages-tools                     noarch            3.4.1-11.el7                           base                73 k
 jbigkit-libs                           x86_64            2.0-11.el7                             base                46 k
 libICE                                 x86_64            1.0.9-9.el7                            base                66 k
 libSM                                  x86_64            1.2.2-2.el7                            base                39 k
 libX11                                 x86_64            1.6.5-2.el7                            base               606 k
 libX11-common                          noarch            1.6.5-2.el7                            base               164 k
 libXau                                 x86_64            1.0.8-2.1.el7                          base                29 k
 libXcomposite                          x86_64            0.4.4-4.1.el7                          base                22 k
 libXcursor                             x86_64            1.1.15-1.el7                           base                30 k
 libXdamage                             x86_64            1.1.4-4.1.el7                          base                20 k
 libXext                                x86_64            1.3.3-3.el7                            base                39 k
 libXfixes                              x86_64            5.0.3-1.el7                            base                18 k
 libXft                                 x86_64            2.3.2-2.el7                            base                58 k
 libXi                                  x86_64            1.7.9-1.el7                            base                40 k
 libXinerama                            x86_64            1.1.3-2.1.el7                          base                14 k
 libXrandr                              x86_64            1.5.1-2.el7                            base                27 k
 libXrender                             x86_64            0.9.10-1.el7                           base                26 k
 libXtst                                x86_64            1.2.3-1.el7                            base                20 k
 libXxf86vm                             x86_64            1.1.4-1.el7                            base                18 k
 libdrm                                 x86_64            2.4.91-3.el7                           base               153 k
 libfontenc                             x86_64            1.1.3-3.el7                            base                31 k
 libglvnd                               x86_64            1:1.0.1-0.8.git5baa1e5.el7             base                89 k
 libglvnd-egl                           x86_64            1:1.0.1-0.8.git5baa1e5.el7             base                44 k
 libglvnd-glx                           x86_64            1:1.0.1-0.8.git5baa1e5.el7             base               125 k
 libjpeg-turbo                          x86_64            1.2.90-6.el7                           base               134 k
 libpciaccess                           x86_64            0.14-1.el7                             base                26 k
 libthai                                x86_64            0.1.14-9.el7                           base               187 k
 libtiff                                x86_64            4.0.3-27.el7_3                         base               170 k
 libwayland-client                      x86_64            1.15.0-1.el7                           base                33 k
 libwayland-server                      x86_64            1.15.0-1.el7                           base                39 k
 libxcb                                 x86_64            1.13-1.el7                             base               214 k
 libxshmfence                           x86_64            1.2-1.el7                              base               7.2 k
 libxslt                                x86_64            1.1.28-5.el7                           base               242 k
 lksctp-tools                           x86_64            1.0.17-2.el7                           base                88 k
 mesa-libEGL                            x86_64            18.0.5-4.el7_6                         updates            102 k
 mesa-libGL                             x86_64            18.0.5-4.el7_6                         updates            162 k
 mesa-libgbm                            x86_64            18.0.5-4.el7_6                         updates             38 k
 mesa-libglapi                          x86_64            18.0.5-4.el7_6                         updates             44 k
 pango                                  x86_64            1.42.4-2.el7_6                         updates            280 k
 pcsc-lite-libs                         x86_64            1.8.8-8.el7                            base                34 k
 pixman                                 x86_64            0.34.0-1.el7                           base               248 k
 python-javapackages                    noarch            3.4.1-11.el7                           base                31 k
 python-lxml                            x86_64            3.2.1-4.el7                            base               758 k
 ttmkfdir                               x86_64            3.0.9-42.el7                           base                48 k
 tzdata-java                            noarch            2019a-1.el7                            updates            187 k
 xorg-x11-font-utils                    x86_64            1:7.5-21.el7                           base               104 k
 xorg-x11-fonts-Type1                   noarch            7.5-9.el7                              base               521 k

Transaction Summary
==========================================================================================================================

Install  2 Packages (+67 Dependent packages)

Total download size: 119 M
Installed size: 222 M
Downloading packages:
(1/69): atk-2.28.1-1.el7.x86_64.rpm                                                                | 263 kB  00:00:00

(2/69): alsa-lib-1.1.6-2.el7.x86_64.rpm                                                            | 424 kB  00:00:00

(3/69): copy-jdk-configs-3.3-10.el7_5.noarch.rpm                                                   |  21 kB  00:00:00

(4/69): cairo-1.15.12-3.el7.x86_64.rpm                                                             | 741 kB  00:00:00

(5/69): dejavu-fonts-common-2.33-6.el7.noarch.rpm                                                  |  64 kB  00:00:00

(6/69): cups-libs-1.6.3-35.el7.x86_64.rpm                                                          | 357 kB  00:00:00

(7/69): fontconfig-2.13.0-4.3.el7.x86_64.rpm                                                       | 254 kB  00:00:00

(8/69): avahi-libs-0.6.31-19.el7.x86_64.rpm                                                        |  61 kB  00:00:00

(9/69): dejavu-sans-fonts-2.33-6.el7.noarch.rpm                                                    | 1.4 MB  00:00:00

(10/69): fontpackages-filesystem-1.44-8.el7.noarch.rpm                                             | 9.9 kB  00:00:00

(11/69): fribidi-1.0.2-1.el7.x86_64.rpm                                                            |  79 kB  00:00:00

(12/69): giflib-4.1.6-9.el7.x86_64.rpm                                                             |  40 kB  00:00:00

(13/69): graphite2-1.3.10-1.el7_3.x86_64.rpm                                                       | 115 kB  00:00:00

(14/69): gtk-update-icon-cache-3.22.30-3.el7.x86_64.rpm                                            |  28 kB  00:00:00

(15/69): harfbuzz-1.7.5-2.el7.x86_64.rpm                                                           | 267 kB  00:00:00

(16/69): hicolor-icon-theme-0.12-7.el7.noarch.rpm                                                  |  42 kB  00:00:00

(17/69): jasper-libs-1.900.1-33.el7.x86_64.rpm                                                     | 150 kB  00:00:00

(18/69): gtk2-2.24.31-1.el7.x86_64.rpm                                                             | 3.4 MB  00:00:00

(19/69): javapackages-tools-3.4.1-11.el7.noarch.rpm                                                |  73 kB  00:00:00

(20/69): gdk-pixbuf2-2.36.12-3.el7.x86_64.rpm                                                      | 570 kB  00:00:00

(21/69): jbigkit-libs-2.0-11.el7.x86_64.rpm                                                        |  46 kB  00:00:00

(22/69): libSM-1.2.2-2.el7.x86_64.rpm                                                              |  39 kB  00:00:00

(23/69): libICE-1.0.9-9.el7.x86_64.rpm                                                             |  66 kB  00:00:00

(24/69): libX11-1.6.5-2.el7.x86_64.rpm                                                             | 606 kB  00:00:00

(25/69): libXau-1.0.8-2.1.el7.x86_64.rpm                                                           |  29 kB  00:00:00

(26/69): libXcomposite-0.4.4-4.1.el7.x86_64.rpm                                                    |  22 kB  00:00:00

(27/69): java-1.8.0-openjdk-1.8.0.212.b04-0.el7_6.x86_64.rpm                                       | 270 kB  00:00:00

(28/69): libXcursor-1.1.15-1.el7.x86_64.rpm                                                        |  30 kB  00:00:00

(29/69): libX11-common-1.6.5-2.el7.noarch.rpm                                                      | 164 kB  00:00:00

(30/69): libXdamage-1.1.4-4.1.el7.x86_64.rpm                                                       |  20 kB  00:00:00

(31/69): libXext-1.3.3-3.el7.x86_64.rpm                                                            |  39 kB  00:00:00

(32/69): libXfixes-5.0.3-1.el7.x86_64.rpm                                                          |  18 kB  00:00:00

(33/69): libXi-1.7.9-1.el7.x86_64.rpm                                                              |  40 kB  00:00:00

(34/69): libXinerama-1.1.3-2.1.el7.x86_64.rpm                                                      |  14 kB  00:00:00

(35/69): libXrandr-1.5.1-2.el7.x86_64.rpm                                                          |  27 kB  00:00:00

(36/69): libXft-2.3.2-2.el7.x86_64.rpm                                                             |  58 kB  00:00:00

(37/69): libXrender-0.9.10-1.el7.x86_64.rpm                                                        |  26 kB  00:00:00

(38/69): libXtst-1.2.3-1.el7.x86_64.rpm                                                            |  20 kB  00:00:00

(39/69): libXxf86vm-1.1.4-1.el7.x86_64.rpm                                                         |  18 kB  00:00:00

(40/69): libfontenc-1.1.3-3.el7.x86_64.rpm                                                         |  31 kB  00:00:00

(41/69): libglvnd-egl-1.0.1-0.8.git5baa1e5.el7.x86_64.rpm                                          |  44 kB  00:00:00

(42/69): libglvnd-1.0.1-0.8.git5baa1e5.el7.x86_64.rpm                                              |  89 kB  00:00:00

(43/69): libglvnd-glx-1.0.1-0.8.git5baa1e5.el7.x86_64.rpm                                          | 125 kB  00:00:00

(44/69): libdrm-2.4.91-3.el7.x86_64.rpm                                                            | 153 kB  00:00:00

(45/69): libjpeg-turbo-1.2.90-6.el7.x86_64.rpm                                                     | 134 kB  00:00:00

(46/69): libthai-0.1.14-9.el7.x86_64.rpm                                                           | 187 kB  00:00:00

(47/69): libwayland-client-1.15.0-1.el7.x86_64.rpm                                                 |  33 kB  00:00:00

(48/69): libtiff-4.0.3-27.el7_3.x86_64.rpm                                                         | 170 kB  00:00:00

(49/69): libwayland-server-1.15.0-1.el7.x86_64.rpm                                                 |  39 kB  00:00:00

(50/69): libpciaccess-0.14-1.el7.x86_64.rpm                                                        |  26 kB  00:00:00

(51/69): libxshmfence-1.2-1.el7.x86_64.rpm                                                         | 7.2 kB  00:00:00

(52/69): libxslt-1.1.28-5.el7.x86_64.rpm                                                           | 242 kB  00:00:00

(53/69): mesa-libEGL-18.0.5-4.el7_6.x86_64.rpm                                                     | 102 kB  00:00:00

(54/69): mesa-libGL-18.0.5-4.el7_6.x86_64.rpm                                                      | 162 kB  00:00:00

(55/69): libxcb-1.13-1.el7.x86_64.rpm                                                              | 214 kB  00:00:00

(56/69): lksctp-tools-1.0.17-2.el7.x86_64.rpm                                                      |  88 kB  00:00:00

(57/69): mesa-libgbm-18.0.5-4.el7_6.x86_64.rpm                                                     |  38 kB  00:00:00

(58/69): pango-1.42.4-2.el7_6.x86_64.rpm                                                           | 280 kB  00:00:00

(59/69): mesa-libglapi-18.0.5-4.el7_6.x86_64.rpm                                                   |  44 kB  00:00:00

(61/69): jenkins-2.164.2-1.1.noarch.rpm        21% [=======-                            ]  0.0 B/s |  26 MB  --:--:-- ETA
(60/69): pixman-0.34.0-1.el7.x86_64.rpm                                                            | 248 kB  00:00:00

(61/69): python-javapackages-3.4.1-11.el7.noarch.rpm                                               |  31 kB  00:00:00

(62/69): pcsc-lite-libs-1.8.8-8.el7.x86_64.rpm                                                     |  34 kB  00:00:00

(63/69): ttmkfdir-3.0.9-42.el7.x86_64.rpm                                                          |  48 kB  00:00:00

(64/69): tzdata-java-2019a-1.el7.noarch.rpm                                                        | 187 kB  00:00:00

(65/69): xorg-x11-font-utils-7.5-21.el7.x86_64.rpm                                                 | 104 kB  00:00:00

(66/69): python-lxml-3.2.1-4.el7.x86_64.rpm                                                        | 758 kB  00:00:00

(67/69): xorg-x11-fonts-Type1-7.5-9.el7.noarch.rpm                                                 | 521 kB  00:00:00

(69/69): jenkins-2.164.2-1.1.noarch.rpm        36% [=============                       ]  16 MB/s |  44 MB  00:00:04 ETA
(68/69): java-1.8.0-openjdk-headless-1.8.0.212.b04-0.el7_6.x86_64.rpm                              |  32 MB  00:00:00

(69/69): jenkins-2.164.2-1.1.noarch.rpm        45% [================                    ]  17 MB/s |  55 MB  00:00:03 ETA
(69/69): jenkins-2.164.2-1.1.noarch.rpm        50% [==================                  ]  17 MB/s |  60 MB  00:00:03 ETA
(69/69): jenkins-2.164.2-1.1.noarch.rpm        54% [===================-                ]  17 MB/s |  65 MB  00:00:03 ETA
(69/69): jenkins-2.164.2-1.1.noarch.rpm        57% [====================-               ]  16 MB/s |  69 MB  00:00:03 ETA
(69/69): jenkins-2.164.2-1.1.noarch.rpm        60% [=====================-              ]  16 MB/s |  72 MB  00:00:02 ETA
(69/69): jenkins-2.164.2-1.1.noarch.rpm        64% [=======================             ]  16 MB/s |  77 MB  00:00:02 ETA
(69/69): jenkins-2.164.2-1.1.noarch.rpm        68% [========================-           ]  16 MB/s |  82 MB  00:00:02 ETA
(69/69): jenkins-2.164.2-1.1.noarch.rpm        72% [==========================          ]  16 MB/s |  87 MB  00:00:02 ETA
(69/69): jenkins-2.164.2-1.1.noarch.rpm        78% [============================        ]  16 MB/s |  93 MB  00:00:01 ETA
(69/69): jenkins-2.164.2-1.1.noarch.rpm        81% [=============================-      ]  16 MB/s |  98 MB  00:00:01 ETA
(69/69): jenkins-2.164.2-1.1.noarch.rpm        85% [==============================-     ]  16 MB/s | 102 MB  00:00:01 ETA
(69/69): jenkins-2.164.2-1.1.noarch.rpm        89% [================================    ]  16 MB/s | 106 MB  00:00:00 ETA
(69/69): jenkins-2.164.2-1.1.noarch.rpm        93% [=================================-  ]  16 MB/s | 111 MB  00:00:00 ETA
(69/69): jenkins-2.164.2-1.1.noarch.rpm        98% [=================================== ]  16 MB/s | 117 MB  00:00:00 ETA
(69/69): jenkins-2.164.2-1.1.noarch.rpm                                                            |  74 MB  00:00:05

--------------------------------------------------------------------------------------------------------------------------

Total                                                                                      19 MB/s | 119 MB  00:00:06

Running transaction check
Running transaction test
Transaction test succeeded
Running transaction
  Installing : libjpeg-turbo-1.2.90-6.el7.x86_64                                                                     1/69

  Installing : mesa-libglapi-18.0.5-4.el7_6.x86_64                                                                   2/69

  Installing : libxshmfence-1.2-1.el7.x86_64                                                                         3/69

  Installing : libxslt-1.1.28-5.el7.x86_64                                                                           4/69

  Installing : 1:libglvnd-1.0.1-0.8.git5baa1e5.el7.x86_64                                                            5/69

  Installing : fontpackages-filesystem-1.44-8.el7.noarch                                                             6/69

  Installing : libICE-1.0.9-9.el7.x86_64                                                                             7/69

  Installing : libwayland-server-1.15.0-1.el7.x86_64                                                                 8/69

  Installing : libSM-1.2.2-2.el7.x86_64                                                                              9/69

  Installing : dejavu-fonts-common-2.33-6.el7.noarch                                                                10/69

  Installing : dejavu-sans-fonts-2.33-6.el7.noarch                                                                  11/69

  Installing : fontconfig-2.13.0-4.3.el7.x86_64                                                                     12/69

  Installing : python-lxml-3.2.1-4.el7.x86_64                                                                       13/69

  Installing : python-javapackages-3.4.1-11.el7.noarch                                                              14/69

  Installing : javapackages-tools-3.4.1-11.el7.noarch                                                               15/69

  Installing : jasper-libs-1.900.1-33.el7.x86_64                                                                    16/69

  Installing : pixman-0.34.0-1.el7.x86_64                                                                           17/69

  Installing : copy-jdk-configs-3.3-10.el7_5.noarch                                                                 18/69

  Installing : libfontenc-1.1.3-3.el7.x86_64                                                                        19/69

  Installing : 1:xorg-x11-font-utils-7.5-21.el7.x86_64                                                              20/69

  Installing : libthai-0.1.14-9.el7.x86_64                                                                          21/69

  Installing : tzdata-java-2019a-1.el7.noarch                                                                       22/69

  Installing : libX11-common-1.6.5-2.el7.noarch                                                                     23/69

  Installing : graphite2-1.3.10-1.el7_3.x86_64                                                                      24/69

  Installing : harfbuzz-1.7.5-2.el7.x86_64                                                                          25/69

  Installing : libXau-1.0.8-2.1.el7.x86_64                                                                          26/69

  Installing : libxcb-1.13-1.el7.x86_64                                                                             27/69

  Installing : libX11-1.6.5-2.el7.x86_64                                                                            28/69

  Installing : libXext-1.3.3-3.el7.x86_64                                                                           29/69

  Installing : libXrender-0.9.10-1.el7.x86_64                                                                       30/69

  Installing : libXfixes-5.0.3-1.el7.x86_64                                                                         31/69

  Installing : libXi-1.7.9-1.el7.x86_64                                                                             32/69

  Installing : libXdamage-1.1.4-4.1.el7.x86_64                                                                      33/69

  Installing : libXcomposite-0.4.4-4.1.el7.x86_64                                                                   34/69

  Installing : libXtst-1.2.3-1.el7.x86_64                                                                           35/69

  Installing : libXcursor-1.1.15-1.el7.x86_64                                                                       36/69

  Installing : libXft-2.3.2-2.el7.x86_64                                                                            37/69

  Installing : libXrandr-1.5.1-2.el7.x86_64                                                                         38/69

  Installing : libXinerama-1.1.3-2.1.el7.x86_64                                                                     39/69

  Installing : libXxf86vm-1.1.4-1.el7.x86_64                                                                        40/69

  Installing : giflib-4.1.6-9.el7.x86_64                                                                            41/69

  Installing : jbigkit-libs-2.0-11.el7.x86_64                                                                       42/69

  Installing : libtiff-4.0.3-27.el7_3.x86_64                                                                        43/69

  Installing : gdk-pixbuf2-2.36.12-3.el7.x86_64                                                                     44/69

  Installing : gtk-update-icon-cache-3.22.30-3.el7.x86_64                                                           45/69

  Installing : atk-2.28.1-1.el7.x86_64                                                                              46/69

  Installing : pcsc-lite-libs-1.8.8-8.el7.x86_64                                                                    47/69

  Installing : fribidi-1.0.2-1.el7.x86_64                                                                           48/69

  Installing : lksctp-tools-1.0.17-2.el7.x86_64                                                                     49/69

  Installing : alsa-lib-1.1.6-2.el7.x86_64                                                                          50/69

  Installing : ttmkfdir-3.0.9-42.el7.x86_64                                                                         51/69

  Installing : xorg-x11-fonts-Type1-7.5-9.el7.noarch                                                                52/69

  Installing : avahi-libs-0.6.31-19.el7.x86_64                                                                      53/69

  Installing : 1:cups-libs-1.6.3-35.el7.x86_64                                                                      54/69

  Installing : 1:java-1.8.0-openjdk-headless-1.8.0.212.b04-0.el7_6.x86_64                                           55/69

  Installing : libwayland-client-1.15.0-1.el7.x86_64                                                                56/69

  Installing : hicolor-icon-theme-0.12-7.el7.noarch                                                                 57/69

  Installing : libpciaccess-0.14-1.el7.x86_64                                                                       58/69

  Installing : libdrm-2.4.91-3.el7.x86_64                                                                           59/69

  Installing : mesa-libgbm-18.0.5-4.el7_6.x86_64                                                                    60/69

  Installing : 1:libglvnd-egl-1.0.1-0.8.git5baa1e5.el7.x86_64                                                       61/69

  Installing : mesa-libEGL-18.0.5-4.el7_6.x86_64                                                                    62/69

  Installing : mesa-libGL-18.0.5-4.el7_6.x86_64                                                                     63/69

  Installing : 1:libglvnd-glx-1.0.1-0.8.git5baa1e5.el7.x86_64                                                       64/69

  Installing : cairo-1.15.12-3.el7.x86_64                                                                           65/69

  Installing : pango-1.42.4-2.el7_6.x86_64                                                                          66/69

  Installing : gtk2-2.24.31-1.el7.x86_64                                                                            67/69

  Installing : 1:java-1.8.0-openjdk-1.8.0.212.b04-0.el7_6.x86_64                                                    68/69

  Installing : jenkins-2.164.2-1.1.noarch                                                                           69/69

  Verifying  : libXext-1.3.3-3.el7.x86_64                                                                            1/69

  Verifying  : libpciaccess-0.14-1.el7.x86_64                                                                        2/69

  Verifying  : libXi-1.7.9-1.el7.x86_64                                                                              3/69

  Verifying  : libtiff-4.0.3-27.el7_3.x86_64                                                                         4/69

  Verifying  : fontconfig-2.13.0-4.3.el7.x86_64                                                                      5/69

  Verifying  : giflib-4.1.6-9.el7.x86_64                                                                             6/69

  Verifying  : libXinerama-1.1.3-2.1.el7.x86_64                                                                      7/69

  Verifying  : libXrender-0.9.10-1.el7.x86_64                                                                        8/69

  Verifying  : javapackages-tools-3.4.1-11.el7.noarch                                                                9/69

  Verifying  : 1:xorg-x11-font-utils-7.5-21.el7.x86_64                                                              10/69

  Verifying  : libXxf86vm-1.1.4-1.el7.x86_64                                                                        11/69

  Verifying  : libwayland-server-1.15.0-1.el7.x86_64                                                                12/69

  Verifying  : libXcursor-1.1.15-1.el7.x86_64                                                                       13/69

  Verifying  : jenkins-2.164.2-1.1.noarch                                                                           14/69

  Verifying  : libICE-1.0.9-9.el7.x86_64                                                                            15/69

  Verifying  : pango-1.42.4-2.el7_6.x86_64                                                                          16/69

  Verifying  : dejavu-fonts-common-2.33-6.el7.noarch                                                                17/69

  Verifying  : fontpackages-filesystem-1.44-8.el7.noarch                                                            18/69

  Verifying  : 1:java-1.8.0-openjdk-headless-1.8.0.212.b04-0.el7_6.x86_64                                           19/69

  Verifying  : libjpeg-turbo-1.2.90-6.el7.x86_64                                                                    20/69

  Verifying  : hicolor-icon-theme-0.12-7.el7.noarch                                                                 21/69

  Verifying  : libwayland-client-1.15.0-1.el7.x86_64                                                                22/69

  Verifying  : avahi-libs-0.6.31-19.el7.x86_64                                                                      23/69

  Verifying  : gdk-pixbuf2-2.36.12-3.el7.x86_64                                                                     24/69

  Verifying  : gtk2-2.24.31-1.el7.x86_64                                                                            25/69

  Verifying  : gtk-update-icon-cache-3.22.30-3.el7.x86_64                                                           26/69

  Verifying  : python-javapackages-3.4.1-11.el7.noarch                                                              27/69

  Verifying  : libdrm-2.4.91-3.el7.x86_64                                                                           28/69

  Verifying  : mesa-libgbm-18.0.5-4.el7_6.x86_64                                                                    29/69

  Verifying  : ttmkfdir-3.0.9-42.el7.x86_64                                                                         30/69

  Verifying  : alsa-lib-1.1.6-2.el7.x86_64                                                                          31/69

  Verifying  : libXcomposite-0.4.4-4.1.el7.x86_64                                                                   32/69

  Verifying  : libXtst-1.2.3-1.el7.x86_64                                                                           33/69

  Verifying  : 1:libglvnd-1.0.1-0.8.git5baa1e5.el7.x86_64                                                           34/69

  Verifying  : libxcb-1.13-1.el7.x86_64                                                                             35/69

  Verifying  : libXft-2.3.2-2.el7.x86_64                                                                            36/69

  Verifying  : 1:libglvnd-egl-1.0.1-0.8.git5baa1e5.el7.x86_64                                                       37/69

  Verifying  : 1:java-1.8.0-openjdk-1.8.0.212.b04-0.el7_6.x86_64                                                    38/69

  Verifying  : lksctp-tools-1.0.17-2.el7.x86_64                                                                     39/69

  Verifying  : mesa-libEGL-18.0.5-4.el7_6.x86_64                                                                    40/69

  Verifying  : mesa-libGL-18.0.5-4.el7_6.x86_64                                                                     41/69

  Verifying  : xorg-x11-fonts-Type1-7.5-9.el7.noarch                                                                42/69

  Verifying  : harfbuzz-1.7.5-2.el7.x86_64                                                                          43/69

  Verifying  : libxslt-1.1.28-5.el7.x86_64                                                                          44/69

  Verifying  : fribidi-1.0.2-1.el7.x86_64                                                                           45/69

  Verifying  : libX11-1.6.5-2.el7.x86_64                                                                            46/69

  Verifying  : 1:libglvnd-glx-1.0.1-0.8.git5baa1e5.el7.x86_64                                                       47/69

  Verifying  : dejavu-sans-fonts-2.33-6.el7.noarch                                                                  48/69

  Verifying  : libXrandr-1.5.1-2.el7.x86_64                                                                         49/69

  Verifying  : pcsc-lite-libs-1.8.8-8.el7.x86_64                                                                    50/69

  Verifying  : atk-2.28.1-1.el7.x86_64                                                                              51/69

  Verifying  : jbigkit-libs-2.0-11.el7.x86_64                                                                       52/69

  Verifying  : cairo-1.15.12-3.el7.x86_64                                                                           53/69

  Verifying  : 1:cups-libs-1.6.3-35.el7.x86_64                                                                      54/69

  Verifying  : libxshmfence-1.2-1.el7.x86_64                                                                        55/69

  Verifying  : libXau-1.0.8-2.1.el7.x86_64                                                                          56/69

  Verifying  : libSM-1.2.2-2.el7.x86_64                                                                             57/69

  Verifying  : jasper-libs-1.900.1-33.el7.x86_64                                                                    58/69

  Verifying  : graphite2-1.3.10-1.el7_3.x86_64                                                                      59/69

  Verifying  : libX11-common-1.6.5-2.el7.noarch                                                                     60/69

  Verifying  : python-lxml-3.2.1-4.el7.x86_64                                                                       61/69

  Verifying  : tzdata-java-2019a-1.el7.noarch                                                                       62/69

  Verifying  : libthai-0.1.14-9.el7.x86_64                                                                          63/69

  Verifying  : libXdamage-1.1.4-4.1.el7.x86_64                                                                      64/69

  Verifying  : libXfixes-5.0.3-1.el7.x86_64                                                                         65/69

  Verifying  : libfontenc-1.1.3-3.el7.x86_64                                                                        66/69

  Verifying  : mesa-libglapi-18.0.5-4.el7_6.x86_64                                                                  67/69

  Verifying  : copy-jdk-configs-3.3-10.el7_5.noarch                                                                 68/69

  Verifying  : pixman-0.34.0-1.el7.x86_64                                                                           69/69


Installed:
  java-1.8.0-openjdk.x86_64 1:1.8.0.212.b04-0.el7_6                      jenkins.noarch 0:2.164.2-1.1


Dependency Installed:
  alsa-lib.x86_64 0:1.1.6-2.el7                         atk.x86_64 0:2.28.1-1.el7
  avahi-libs.x86_64 0:0.6.31-19.el7                     cairo.x86_64 0:1.15.12-3.el7
  copy-jdk-configs.noarch 0:3.3-10.el7_5                cups-libs.x86_64 1:1.6.3-35.el7
  dejavu-fonts-common.noarch 0:2.33-6.el7               dejavu-sans-fonts.noarch 0:2.33-6.el7
  fontconfig.x86_64 0:2.13.0-4.3.el7                    fontpackages-filesystem.noarch 0:1.44-8.el7
  fribidi.x86_64 0:1.0.2-1.el7                          gdk-pixbuf2.x86_64 0:2.36.12-3.el7
  giflib.x86_64 0:4.1.6-9.el7                           graphite2.x86_64 0:1.3.10-1.el7_3
  gtk-update-icon-cache.x86_64 0:3.22.30-3.el7          gtk2.x86_64 0:2.24.31-1.el7
  harfbuzz.x86_64 0:1.7.5-2.el7                         hicolor-icon-theme.noarch 0:0.12-7.el7
  jasper-libs.x86_64 0:1.900.1-33.el7                   java-1.8.0-openjdk-headless.x86_64 1:1.8.0.212.b04-0.el7_6
  javapackages-tools.noarch 0:3.4.1-11.el7              jbigkit-libs.x86_64 0:2.0-11.el7
  libICE.x86_64 0:1.0.9-9.el7                           libSM.x86_64 0:1.2.2-2.el7
  libX11.x86_64 0:1.6.5-2.el7                           libX11-common.noarch 0:1.6.5-2.el7
  libXau.x86_64 0:1.0.8-2.1.el7                         libXcomposite.x86_64 0:0.4.4-4.1.el7
  libXcursor.x86_64 0:1.1.15-1.el7                      libXdamage.x86_64 0:1.1.4-4.1.el7
  libXext.x86_64 0:1.3.3-3.el7                          libXfixes.x86_64 0:5.0.3-1.el7
  libXft.x86_64 0:2.3.2-2.el7                           libXi.x86_64 0:1.7.9-1.el7
  libXinerama.x86_64 0:1.1.3-2.1.el7                    libXrandr.x86_64 0:1.5.1-2.el7
  libXrender.x86_64 0:0.9.10-1.el7                      libXtst.x86_64 0:1.2.3-1.el7
  libXxf86vm.x86_64 0:1.1.4-1.el7                       libdrm.x86_64 0:2.4.91-3.el7
  libfontenc.x86_64 0:1.1.3-3.el7                       libglvnd.x86_64 1:1.0.1-0.8.git5baa1e5.el7
  libglvnd-egl.x86_64 1:1.0.1-0.8.git5baa1e5.el7        libglvnd-glx.x86_64 1:1.0.1-0.8.git5baa1e5.el7
  libjpeg-turbo.x86_64 0:1.2.90-6.el7                   libpciaccess.x86_64 0:0.14-1.el7
  libthai.x86_64 0:0.1.14-9.el7                         libtiff.x86_64 0:4.0.3-27.el7_3
  libwayland-client.x86_64 0:1.15.0-1.el7               libwayland-server.x86_64 0:1.15.0-1.el7
  libxcb.x86_64 0:1.13-1.el7                            libxshmfence.x86_64 0:1.2-1.el7
  libxslt.x86_64 0:1.1.28-5.el7                         lksctp-tools.x86_64 0:1.0.17-2.el7
  mesa-libEGL.x86_64 0:18.0.5-4.el7_6                   mesa-libGL.x86_64 0:18.0.5-4.el7_6
  mesa-libgbm.x86_64 0:18.0.5-4.el7_6                   mesa-libglapi.x86_64 0:18.0.5-4.el7_6
  pango.x86_64 0:1.42.4-2.el7_6                         pcsc-lite-libs.x86_64 0:1.8.8-8.el7
  pixman.x86_64 0:0.34.0-1.el7                          python-javapackages.noarch 0:3.4.1-11.el7
  python-lxml.x86_64 0:3.2.1-4.el7                      ttmkfdir.x86_64 0:3.0.9-42.el7
  tzdata-java.noarch 0:2019a-1.el7                      xorg-x11-font-utils.x86_64 1:7.5-21.el7
  xorg-x11-fonts-Type1.noarch 0:7.5-9.el7

Complete!
[centos@ip-10-100-10-75 ~]$ sudo systemctl start jenkins
[centos@ip-10-100-10-75 ~]$ sudo systemctl enable jenkins
jenkins.service is not a native service, redirecting to /sbin/chkconfig.
Executing /sbin/chkconfig jenkins on
[centos@ip-10-100-10-75 ~]$ sudo cat /var/lib/jenkins/secrets/initialAdminPassword
9758950dc246461a80b370c48a035faa
[centos@ip-10-100-10-75 ~]$ ll
total 8
-rw-r--r--. 1 root root 5307 Mar 20  2012 jdk-12.0.1_linux-x64_bin.tar.gz
[centos@ip-10-100-10-75 ~]$ rm -rf jdk-12.0.1_linux-x64_bin.tar.gz
[centos@ip-10-100-10-75 ~]$ ll
total 0
[centos@ip-10-100-10-75 ~]$ /var/lib/jenkins/secrets/initialAdminPassword
-bash: /var/lib/jenkins/secrets/initialAdminPassword: Permission denied
[centos@ip-10-100-10-75 ~]$
[centos@ip-10-100-10-75 ~]$ sudo cat /var/lib/jenkins/secrets/initialAdminPassword
9758950dc246461a80b370c48a035faa
[centos@ip-10-100-10-75 ~]$
[centos@ip-10-100-10-75 ~]$ ls
jdk-12.0.1_linux-x64_bin.tar.gz
[centos@ip-10-100-10-75 ~]$ tar -xvf jdk-12.0.1_linux-x64_bin.tar.gz
jdk-12.0.1/bin/jaotc
jdk-12.0.1/bin/jar
jdk-12.0.1/bin/jarsigner
jdk-12.0.1/bin/java
jdk-12.0.1/bin/javac
jdk-12.0.1/bin/javadoc
jdk-12.0.1/bin/javap
jdk-12.0.1/bin/jcmd
jdk-12.0.1/bin/jconsole
jdk-12.0.1/bin/jdb
jdk-12.0.1/bin/jdeprscan
jdk-12.0.1/bin/jdeps
jdk-12.0.1/bin/jfr
jdk-12.0.1/bin/jhsdb
jdk-12.0.1/bin/jimage
jdk-12.0.1/bin/jinfo
jdk-12.0.1/bin/jjs
jdk-12.0.1/bin/jlink
jdk-12.0.1/bin/jmap
jdk-12.0.1/bin/jmod
jdk-12.0.1/bin/jps
jdk-12.0.1/bin/jrunscript
jdk-12.0.1/bin/jshell
jdk-12.0.1/bin/jstack
jdk-12.0.1/bin/jstat
jdk-12.0.1/bin/jstatd
jdk-12.0.1/bin/keytool
jdk-12.0.1/bin/pack200
jdk-12.0.1/bin/rmic
jdk-12.0.1/bin/rmid
jdk-12.0.1/bin/rmiregistry
jdk-12.0.1/bin/serialver
jdk-12.0.1/bin/unpack200
jdk-12.0.1/conf/logging.properties
jdk-12.0.1/conf/management/jmxremote.access
jdk-12.0.1/conf/management/jmxremote.password.template
jdk-12.0.1/conf/management/management.properties
jdk-12.0.1/conf/net.properties
jdk-12.0.1/conf/sdp/sdp.conf.template
jdk-12.0.1/conf/security/java.policy
jdk-12.0.1/conf/security/java.security
jdk-12.0.1/conf/security/policy/README.txt
jdk-12.0.1/conf/security/policy/limited/default_US_export.policy
jdk-12.0.1/conf/security/policy/limited/default_local.policy
jdk-12.0.1/conf/security/policy/limited/exempt_local.policy
jdk-12.0.1/conf/security/policy/unlimited/default_US_export.policy
jdk-12.0.1/conf/security/policy/unlimited/default_local.policy
jdk-12.0.1/conf/sound.properties
jdk-12.0.1/include/classfile_constants.h
jdk-12.0.1/include/jawt.h
jdk-12.0.1/include/jdwpTransport.h
jdk-12.0.1/include/jni.h
jdk-12.0.1/include/jvmti.h
jdk-12.0.1/include/jvmticmlr.h
jdk-12.0.1/include/linux/jawt_md.h
jdk-12.0.1/include/linux/jni_md.h
jdk-12.0.1/jmods/java.base.jmod
jdk-12.0.1/jmods/java.compiler.jmod
jdk-12.0.1/jmods/java.datatransfer.jmod
jdk-12.0.1/jmods/java.desktop.jmod
jdk-12.0.1/jmods/java.instrument.jmod
jdk-12.0.1/jmods/java.logging.jmod
jdk-12.0.1/jmods/java.management.jmod
jdk-12.0.1/jmods/java.management.rmi.jmod
jdk-12.0.1/jmods/java.naming.jmod
jdk-12.0.1/jmods/java.net.http.jmod
jdk-12.0.1/jmods/java.prefs.jmod
jdk-12.0.1/jmods/java.rmi.jmod
jdk-12.0.1/jmods/java.scripting.jmod
jdk-12.0.1/jmods/java.se.jmod
jdk-12.0.1/jmods/java.security.jgss.jmod
jdk-12.0.1/jmods/java.security.sasl.jmod
jdk-12.0.1/jmods/java.smartcardio.jmod
jdk-12.0.1/jmods/java.sql.jmod
jdk-12.0.1/jmods/java.sql.rowset.jmod
jdk-12.0.1/jmods/java.transaction.xa.jmod
jdk-12.0.1/jmods/java.xml.crypto.jmod
jdk-12.0.1/jmods/java.xml.jmod
jdk-12.0.1/jmods/jdk.accessibility.jmod
jdk-12.0.1/jmods/jdk.aot.jmod
jdk-12.0.1/jmods/jdk.attach.jmod
jdk-12.0.1/jmods/jdk.charsets.jmod
jdk-12.0.1/jmods/jdk.compiler.jmod
jdk-12.0.1/jmods/jdk.crypto.cryptoki.jmod
jdk-12.0.1/jmods/jdk.crypto.ec.jmod
jdk-12.0.1/jmods/jdk.dynalink.jmod
jdk-12.0.1/jmods/jdk.editpad.jmod
jdk-12.0.1/jmods/jdk.hotspot.agent.jmod
jdk-12.0.1/jmods/jdk.httpserver.jmod
jdk-12.0.1/jmods/jdk.internal.ed.jmod
jdk-12.0.1/jmods/jdk.internal.jvmstat.jmod
jdk-12.0.1/jmods/jdk.internal.le.jmod
jdk-12.0.1/jmods/jdk.internal.opt.jmod
jdk-12.0.1/jmods/jdk.internal.vm.ci.jmod
jdk-12.0.1/jmods/jdk.internal.vm.compiler.jmod
jdk-12.0.1/jmods/jdk.internal.vm.compiler.management.jmod
jdk-12.0.1/jmods/jdk.jartool.jmod
jdk-12.0.1/jmods/jdk.javadoc.jmod
jdk-12.0.1/jmods/jdk.jcmd.jmod
jdk-12.0.1/jmods/jdk.jconsole.jmod
jdk-12.0.1/jmods/jdk.jdeps.jmod
jdk-12.0.1/jmods/jdk.jdi.jmod
jdk-12.0.1/jmods/jdk.jdwp.agent.jmod
jdk-12.0.1/jmods/jdk.jfr.jmod
jdk-12.0.1/jmods/jdk.jlink.jmod
jdk-12.0.1/jmods/jdk.jshell.jmod
jdk-12.0.1/jmods/jdk.jsobject.jmod
jdk-12.0.1/jmods/jdk.jstatd.jmod
jdk-12.0.1/jmods/jdk.localedata.jmod
jdk-12.0.1/jmods/jdk.management.agent.jmod
jdk-12.0.1/jmods/jdk.management.jfr.jmod
jdk-12.0.1/jmods/jdk.management.jmod
jdk-12.0.1/jmods/jdk.naming.dns.jmod
jdk-12.0.1/jmods/jdk.naming.rmi.jmod
jdk-12.0.1/jmods/jdk.net.jmod
jdk-12.0.1/jmods/jdk.pack.jmod
jdk-12.0.1/jmods/jdk.rmic.jmod
jdk-12.0.1/jmods/jdk.scripting.nashorn.jmod
jdk-12.0.1/jmods/jdk.scripting.nashorn.shell.jmod
jdk-12.0.1/jmods/jdk.sctp.jmod
jdk-12.0.1/jmods/jdk.security.auth.jmod
jdk-12.0.1/jmods/jdk.security.jgss.jmod
jdk-12.0.1/jmods/jdk.unsupported.desktop.jmod
jdk-12.0.1/jmods/jdk.unsupported.jmod
jdk-12.0.1/jmods/jdk.xml.dom.jmod
jdk-12.0.1/jmods/jdk.zipfs.jmod
jdk-12.0.1/legal/java.base/COPYRIGHT
jdk-12.0.1/legal/java.base/LICENSE
jdk-12.0.1/legal/java.base/aes.md
jdk-12.0.1/legal/java.base/asm.md
jdk-12.0.1/legal/java.base/c-libutl.md
jdk-12.0.1/legal/java.base/cldr.md
jdk-12.0.1/legal/java.base/icu.md
jdk-12.0.1/legal/java.base/public_suffix.md
jdk-12.0.1/legal/java.base/unicode.md
jdk-12.0.1/legal/java.compiler/COPYRIGHT
jdk-12.0.1/legal/java.compiler/LICENSE
jdk-12.0.1/legal/java.datatransfer/COPYRIGHT
jdk-12.0.1/legal/java.datatransfer/LICENSE
jdk-12.0.1/legal/java.desktop/COPYRIGHT
jdk-12.0.1/legal/java.desktop/LICENSE
jdk-12.0.1/legal/java.desktop/colorimaging.md
jdk-12.0.1/legal/java.desktop/giflib.md
jdk-12.0.1/legal/java.desktop/harfbuzz.md
jdk-12.0.1/legal/java.desktop/jpeg.md
jdk-12.0.1/legal/java.desktop/lcms.md
jdk-12.0.1/legal/java.desktop/libpng.md
jdk-12.0.1/legal/java.desktop/mesa3d.md
jdk-12.0.1/legal/java.desktop/opengl.md
jdk-12.0.1/legal/java.desktop/xwd.md
jdk-12.0.1/legal/java.instrument/COPYRIGHT
jdk-12.0.1/legal/java.instrument/LICENSE
jdk-12.0.1/legal/java.logging/COPYRIGHT
jdk-12.0.1/legal/java.logging/LICENSE
jdk-12.0.1/legal/java.management.rmi/COPYRIGHT
jdk-12.0.1/legal/java.management.rmi/LICENSE
jdk-12.0.1/legal/java.management/COPYRIGHT
jdk-12.0.1/legal/java.management/LICENSE
jdk-12.0.1/legal/java.naming/COPYRIGHT
jdk-12.0.1/legal/java.naming/LICENSE
jdk-12.0.1/legal/java.net.http/COPYRIGHT
jdk-12.0.1/legal/java.net.http/LICENSE
jdk-12.0.1/legal/java.prefs/COPYRIGHT
jdk-12.0.1/legal/java.prefs/LICENSE
jdk-12.0.1/legal/java.rmi/COPYRIGHT
jdk-12.0.1/legal/java.rmi/LICENSE
jdk-12.0.1/legal/java.scripting/COPYRIGHT
jdk-12.0.1/legal/java.scripting/LICENSE
jdk-12.0.1/legal/java.se/COPYRIGHT
jdk-12.0.1/legal/java.se/LICENSE
jdk-12.0.1/legal/java.security.jgss/COPYRIGHT
jdk-12.0.1/legal/java.security.jgss/LICENSE
jdk-12.0.1/legal/java.security.sasl/COPYRIGHT
jdk-12.0.1/legal/java.security.sasl/LICENSE
jdk-12.0.1/legal/java.smartcardio/COPYRIGHT
jdk-12.0.1/legal/java.smartcardio/LICENSE
jdk-12.0.1/legal/java.smartcardio/pcsclite.md
jdk-12.0.1/legal/java.sql.rowset/COPYRIGHT
jdk-12.0.1/legal/java.sql.rowset/LICENSE
jdk-12.0.1/legal/java.sql/COPYRIGHT
jdk-12.0.1/legal/java.sql/LICENSE
jdk-12.0.1/legal/java.transaction.xa/COPYRIGHT
jdk-12.0.1/legal/java.transaction.xa/LICENSE
jdk-12.0.1/legal/java.xml.crypto/COPYRIGHT
jdk-12.0.1/legal/java.xml.crypto/LICENSE
jdk-12.0.1/legal/java.xml.crypto/santuario.md
jdk-12.0.1/legal/java.xml/COPYRIGHT
jdk-12.0.1/legal/java.xml/LICENSE
jdk-12.0.1/legal/java.xml/bcel.md
jdk-12.0.1/legal/java.xml/dom.md
jdk-12.0.1/legal/java.xml/jcup.md
jdk-12.0.1/legal/java.xml/xalan.md
jdk-12.0.1/legal/java.xml/xerces.md
jdk-12.0.1/legal/jdk.accessibility/COPYRIGHT
jdk-12.0.1/legal/jdk.accessibility/LICENSE
jdk-12.0.1/legal/jdk.aot/COPYRIGHT
jdk-12.0.1/legal/jdk.aot/LICENSE
jdk-12.0.1/legal/jdk.attach/COPYRIGHT
jdk-12.0.1/legal/jdk.attach/LICENSE
jdk-12.0.1/legal/jdk.charsets/COPYRIGHT
jdk-12.0.1/legal/jdk.charsets/LICENSE
jdk-12.0.1/legal/jdk.compiler/COPYRIGHT
jdk-12.0.1/legal/jdk.compiler/LICENSE
jdk-12.0.1/legal/jdk.crypto.cryptoki/COPYRIGHT
jdk-12.0.1/legal/jdk.crypto.cryptoki/LICENSE
jdk-12.0.1/legal/jdk.crypto.cryptoki/pkcs11cryptotoken.md
jdk-12.0.1/legal/jdk.crypto.cryptoki/pkcs11wrapper.md
jdk-12.0.1/legal/jdk.crypto.ec/COPYRIGHT
jdk-12.0.1/legal/jdk.crypto.ec/LICENSE
jdk-12.0.1/legal/jdk.crypto.ec/ecc.md
jdk-12.0.1/legal/jdk.dynalink/COPYRIGHT
jdk-12.0.1/legal/jdk.dynalink/LICENSE
jdk-12.0.1/legal/jdk.dynalink/dynalink.md
jdk-12.0.1/legal/jdk.editpad/COPYRIGHT
jdk-12.0.1/legal/jdk.editpad/LICENSE
jdk-12.0.1/legal/jdk.hotspot.agent/COPYRIGHT
jdk-12.0.1/legal/jdk.hotspot.agent/LICENSE
jdk-12.0.1/legal/jdk.httpserver/COPYRIGHT
jdk-12.0.1/legal/jdk.httpserver/LICENSE
jdk-12.0.1/legal/jdk.internal.ed/COPYRIGHT
jdk-12.0.1/legal/jdk.internal.ed/LICENSE
jdk-12.0.1/legal/jdk.internal.jvmstat/COPYRIGHT
jdk-12.0.1/legal/jdk.internal.jvmstat/LICENSE
jdk-12.0.1/legal/jdk.internal.le/COPYRIGHT
jdk-12.0.1/legal/jdk.internal.le/LICENSE
jdk-12.0.1/legal/jdk.internal.le/jline.md
jdk-12.0.1/legal/jdk.internal.opt/COPYRIGHT
jdk-12.0.1/legal/jdk.internal.opt/LICENSE
jdk-12.0.1/legal/jdk.internal.opt/jopt-simple.md
jdk-12.0.1/legal/jdk.internal.vm.ci/COPYRIGHT
jdk-12.0.1/legal/jdk.internal.vm.ci/LICENSE
jdk-12.0.1/legal/jdk.internal.vm.compiler.management/COPYRIGHT
jdk-12.0.1/legal/jdk.internal.vm.compiler.management/LICENSE
jdk-12.0.1/legal/jdk.internal.vm.compiler/COPYRIGHT
jdk-12.0.1/legal/jdk.internal.vm.compiler/LICENSE
jdk-12.0.1/legal/jdk.jartool/COPYRIGHT
jdk-12.0.1/legal/jdk.jartool/LICENSE
jdk-12.0.1/legal/jdk.javadoc/COPYRIGHT
jdk-12.0.1/legal/jdk.javadoc/LICENSE
jdk-12.0.1/legal/jdk.javadoc/jquery-migrate.md
jdk-12.0.1/legal/jdk.javadoc/jquery.md
jdk-12.0.1/legal/jdk.javadoc/jqueryUI.md
jdk-12.0.1/legal/jdk.javadoc/jszip.md
jdk-12.0.1/legal/jdk.javadoc/pako.md
jdk-12.0.1/legal/jdk.jcmd/COPYRIGHT
jdk-12.0.1/legal/jdk.jcmd/LICENSE
jdk-12.0.1/legal/jdk.jconsole/COPYRIGHT
jdk-12.0.1/legal/jdk.jconsole/LICENSE
jdk-12.0.1/legal/jdk.jdeps/COPYRIGHT
jdk-12.0.1/legal/jdk.jdeps/LICENSE
jdk-12.0.1/legal/jdk.jdi/COPYRIGHT
jdk-12.0.1/legal/jdk.jdi/LICENSE
jdk-12.0.1/legal/jdk.jdwp.agent/COPYRIGHT
jdk-12.0.1/legal/jdk.jdwp.agent/LICENSE
jdk-12.0.1/legal/jdk.jfr/COPYRIGHT
jdk-12.0.1/legal/jdk.jfr/LICENSE
jdk-12.0.1/legal/jdk.jlink/COPYRIGHT
jdk-12.0.1/legal/jdk.jlink/LICENSE
jdk-12.0.1/legal/jdk.jshell/COPYRIGHT
jdk-12.0.1/legal/jdk.jshell/LICENSE
jdk-12.0.1/legal/jdk.jsobject/COPYRIGHT
jdk-12.0.1/legal/jdk.jsobject/LICENSE
jdk-12.0.1/legal/jdk.jstatd/COPYRIGHT
jdk-12.0.1/legal/jdk.jstatd/LICENSE
jdk-12.0.1/legal/jdk.localedata/COPYRIGHT
jdk-12.0.1/legal/jdk.localedata/LICENSE
jdk-12.0.1/legal/jdk.localedata/cldr.md
jdk-12.0.1/legal/jdk.localedata/thaidict.md
jdk-12.0.1/legal/jdk.management.agent/COPYRIGHT
jdk-12.0.1/legal/jdk.management.agent/LICENSE
jdk-12.0.1/legal/jdk.management.jfr/COPYRIGHT
jdk-12.0.1/legal/jdk.management.jfr/LICENSE
jdk-12.0.1/legal/jdk.management/COPYRIGHT
jdk-12.0.1/legal/jdk.management/LICENSE
jdk-12.0.1/legal/jdk.naming.dns/COPYRIGHT
jdk-12.0.1/legal/jdk.naming.dns/LICENSE
jdk-12.0.1/legal/jdk.naming.rmi/COPYRIGHT
jdk-12.0.1/legal/jdk.naming.rmi/LICENSE
jdk-12.0.1/legal/jdk.net/COPYRIGHT
jdk-12.0.1/legal/jdk.net/LICENSE
jdk-12.0.1/legal/jdk.pack/COPYRIGHT
jdk-12.0.1/legal/jdk.pack/LICENSE
jdk-12.0.1/legal/jdk.rmic/COPYRIGHT
jdk-12.0.1/legal/jdk.rmic/LICENSE
jdk-12.0.1/legal/jdk.scripting.nashorn.shell/COPYRIGHT
jdk-12.0.1/legal/jdk.scripting.nashorn.shell/LICENSE
jdk-12.0.1/legal/jdk.scripting.nashorn/COPYRIGHT
jdk-12.0.1/legal/jdk.scripting.nashorn/LICENSE
jdk-12.0.1/legal/jdk.scripting.nashorn/double-conversion.md
jdk-12.0.1/legal/jdk.scripting.nashorn/joni.md
jdk-12.0.1/legal/jdk.sctp/COPYRIGHT
jdk-12.0.1/legal/jdk.sctp/LICENSE
jdk-12.0.1/legal/jdk.security.auth/COPYRIGHT
jdk-12.0.1/legal/jdk.security.auth/LICENSE
jdk-12.0.1/legal/jdk.security.jgss/COPYRIGHT
jdk-12.0.1/legal/jdk.security.jgss/LICENSE
jdk-12.0.1/legal/jdk.unsupported.desktop/COPYRIGHT
jdk-12.0.1/legal/jdk.unsupported.desktop/LICENSE
jdk-12.0.1/legal/jdk.unsupported/COPYRIGHT
jdk-12.0.1/legal/jdk.unsupported/LICENSE
jdk-12.0.1/legal/jdk.xml.dom/COPYRIGHT
jdk-12.0.1/legal/jdk.xml.dom/LICENSE
jdk-12.0.1/legal/jdk.zipfs/COPYRIGHT
jdk-12.0.1/legal/jdk.zipfs/LICENSE
jdk-12.0.1/lib/classlist
jdk-12.0.1/lib/ct.sym
jdk-12.0.1/lib/jexec
jdk-12.0.1/lib/jfr/default.jfc
jdk-12.0.1/lib/jfr/profile.jfc
jdk-12.0.1/lib/jrt-fs.jar
jdk-12.0.1/lib/jspawnhelper
jdk-12.0.1/lib/jvm.cfg
jdk-12.0.1/lib/libattach.so
jdk-12.0.1/lib/libawt.so
jdk-12.0.1/lib/libawt_headless.so
jdk-12.0.1/lib/libawt_xawt.so
jdk-12.0.1/lib/libdt_socket.so
jdk-12.0.1/lib/libextnet.so
jdk-12.0.1/lib/libfontmanager.so
jdk-12.0.1/lib/libinstrument.so
jdk-12.0.1/lib/libj2gss.so
jdk-12.0.1/lib/libj2pcsc.so
jdk-12.0.1/lib/libj2pkcs11.so
jdk-12.0.1/lib/libjaas.so
jdk-12.0.1/lib/libjava.so
jdk-12.0.1/lib/libjavajpeg.so
jdk-12.0.1/lib/libjawt.so
jdk-12.0.1/lib/libjdwp.so
jdk-12.0.1/lib/libjimage.so
jdk-12.0.1/lib/libjli.so
jdk-12.0.1/lib/libjsig.so
jdk-12.0.1/lib/libjsound.so
jdk-12.0.1/lib/liblcms.so
jdk-12.0.1/lib/libmanagement.so
jdk-12.0.1/lib/libmanagement_agent.so
jdk-12.0.1/lib/libmanagement_ext.so
jdk-12.0.1/lib/libmlib_image.so
jdk-12.0.1/lib/libnet.so
jdk-12.0.1/lib/libnio.so
jdk-12.0.1/lib/libprefs.so
jdk-12.0.1/lib/librmi.so
jdk-12.0.1/lib/libsaproc.so
jdk-12.0.1/lib/libsctp.so
jdk-12.0.1/lib/libsplashscreen.so
jdk-12.0.1/lib/libsunec.so
jdk-12.0.1/lib/libunpack.so
jdk-12.0.1/lib/libverify.so
jdk-12.0.1/lib/libzip.so
jdk-12.0.1/lib/modules
jdk-12.0.1/lib/psfont.properties.ja
jdk-12.0.1/lib/psfontj2d.properties
jdk-12.0.1/lib/security/blacklisted.certs
jdk-12.0.1/lib/security/cacerts
jdk-12.0.1/lib/security/default.policy
jdk-12.0.1/lib/security/public_suffix_list.dat
jdk-12.0.1/lib/server/Xusage.txt
jdk-12.0.1/lib/server/classes.jsa
jdk-12.0.1/lib/server/libjsig.so
jdk-12.0.1/lib/server/libjvm.so
jdk-12.0.1/lib/src.zip
jdk-12.0.1/lib/tzdb.dat
jdk-12.0.1/man/man1/jaccessinspector.1
jdk-12.0.1/man/man1/jaccesswalker.1
jdk-12.0.1/man/man1/jar.1
jdk-12.0.1/man/man1/jarsigner.1
jdk-12.0.1/man/man1/java.1
jdk-12.0.1/man/man1/javac.1
jdk-12.0.1/man/man1/javadoc.1
jdk-12.0.1/man/man1/javap.1
jdk-12.0.1/man/man1/jcmd.1
jdk-12.0.1/man/man1/jconsole.1
jdk-12.0.1/man/man1/jdb.1
jdk-12.0.1/man/man1/jdeprscan.1
jdk-12.0.1/man/man1/jdeps.1
jdk-12.0.1/man/man1/jhsdb.1
jdk-12.0.1/man/man1/jinfo.1
jdk-12.0.1/man/man1/jjs.1
jdk-12.0.1/man/man1/jlink.1
jdk-12.0.1/man/man1/jmap.1
jdk-12.0.1/man/man1/jmod.1
jdk-12.0.1/man/man1/jps.1
jdk-12.0.1/man/man1/jrunscript.1
jdk-12.0.1/man/man1/jshell.1
jdk-12.0.1/man/man1/jstack.1
jdk-12.0.1/man/man1/jstat.1
jdk-12.0.1/man/man1/jstatd.1
jdk-12.0.1/man/man1/keytool.1
jdk-12.0.1/man/man1/kinit.1
jdk-12.0.1/man/man1/klist.1
jdk-12.0.1/man/man1/ktab.1
jdk-12.0.1/man/man1/pack200.1
jdk-12.0.1/man/man1/rmic.1
jdk-12.0.1/man/man1/rmid.1
jdk-12.0.1/man/man1/rmiregistry.1
jdk-12.0.1/man/man1/serialver.1
jdk-12.0.1/man/man1/unpack200.1
jdk-12.0.1/release
[centos@ip-10-100-10-75 ~]$ ls
jdk-12.0.1  jdk-12.0.1_linux-x64_bin.tar.gz
[centos@ip-10-100-10-75 ~]$ sudo cp -rp jdk-12.0.1 /opt/
[centos@ip-10-100-10-75 ~]$ cd /
[centos@ip-10-100-10-75 /]$ ls
bin  boot  dev  etc  home  lib  lib64  media  mnt  opt  proc  root  run  sbin  srv  sys  tmp  usr  var
[centos@ip-10-100-10-75 /]$ cd opt/
[centos@ip-10-100-10-75 opt]$ ls
jdk-12.0.1
[centos@ip-10-100-10-75 opt]$ cd ~
[centos@ip-10-100-10-75 ~]$ ls
jdk-12.0.1  jdk-12.0.1_linux-x64_bin.tar.gz
[centos@ip-10-100-10-75 ~]$ sudo alternatives --install /usr/bin/jar jar /opt/jdk-12.0.1/bin/jar 1
udo alternatives --install /usr/bin/javac javac /opt/jdk-12.0.1/bin/javac 1
sudo alternatives --set jar /opt/jdk-12.0.1/bin/jar
sudo alternatives --set javac /opt/jdk-12.0.1/bin/javac[centos@ip-10-100-10-75 ~]$ sudo alternatives --install /usr/bin/ja
vac javac /opt/jdk-12.0.1/bin/javac 1
[centos@ip-10-100-10-75 ~]$ sudo alternatives --set jar /opt/jdk-12.0.1/bin/jar
[centos@ip-10-100-10-75 ~]$ sudo alternatives --set javac /opt/jdk-12.0.1/bin/javac
[centos@ip-10-100-10-75 ~]$ cd /etc/profile.d
[centos@ip-10-100-10-75 profile.d]$ sudo vi java.sh
[centos@ip-10-100-10-75 profile.d]$ cd /usr/local/src/
[centos@ip-10-100-10-75 src]$ sudo wget http://mirrors.estointernet.in/apache/maven/maven-3/3.6.1/binaries/apache-maven-3
.6.1-bin.tar.gz
--2019-05-09 06:42:24--  http://mirrors.estointernet.in/apache/maven/maven-3/3.6.1/binaries/apache-maven-3.6.1-bin.tar.gz
Resolving mirrors.estointernet.in (mirrors.estointernet.in)... 103.123.235.250, 2403:8940:ffff:1::f
Connecting to mirrors.estointernet.in (mirrors.estointernet.in)|103.123.235.250|:80... connected.
HTTP request sent, awaiting response... 200 OK
Length: 9136463 (8.7M) [application/octet-stream]
Saving to: ‘apache-maven-3.6.1-bin.tar.gz’

100%[================================================================================>] 9,136,463    493KB/s   in 17s

2019-05-09 06:42:42 (520 KB/s) - ‘apache-maven-3.6.1-bin.tar.gz’ saved [9136463/9136463]

[centos@ip-10-100-10-75 src]$ ls
apache-maven-3.6.1-bin.tar.gz
[centos@ip-10-100-10-75 src]$ sudo tar -xvf apache-maven-3.6.1-bin.tar.gz
apache-maven-3.6.1/README.txt
apache-maven-3.6.1/LICENSE
apache-maven-3.6.1/NOTICE
apache-maven-3.6.1/lib/
apache-maven-3.6.1/lib/slf4j-api.license
apache-maven-3.6.1/lib/checker-compat-qual.license
apache-maven-3.6.1/lib/jsr250-api.license
apache-maven-3.6.1/lib/jcl-over-slf4j.license
apache-maven-3.6.1/lib/org.eclipse.sisu.plexus.license
apache-maven-3.6.1/lib/animal-sniffer-annotations.license
apache-maven-3.6.1/lib/org.eclipse.sisu.inject.license
apache-maven-3.6.1/lib/jansi-native/
apache-maven-3.6.1/lib/jansi-native/freebsd64/
apache-maven-3.6.1/lib/jansi-native/osx/
apache-maven-3.6.1/lib/jansi-native/windows32/
apache-maven-3.6.1/lib/jansi-native/linux32/
apache-maven-3.6.1/lib/jansi-native/freebsd32/
apache-maven-3.6.1/lib/jansi-native/windows64/
apache-maven-3.6.1/lib/jansi-native/linux64/
apache-maven-3.6.1/lib/jansi-native/freebsd64/libjansi.so
apache-maven-3.6.1/lib/jansi-native/osx/libjansi.jnilib
apache-maven-3.6.1/lib/jansi-native/windows32/jansi.dll
apache-maven-3.6.1/lib/jansi-native/linux32/libjansi.so
apache-maven-3.6.1/lib/jansi-native/freebsd32/libjansi.so
apache-maven-3.6.1/lib/jansi-native/windows64/jansi.dll
apache-maven-3.6.1/lib/jansi-native/linux64/libjansi.so
apache-maven-3.6.1/bin/mvn.cmd
apache-maven-3.6.1/bin/m2.conf
apache-maven-3.6.1/bin/mvnDebug.cmd
apache-maven-3.6.1/bin/mvnDebug
apache-maven-3.6.1/bin/mvn
apache-maven-3.6.1/bin/mvnyjp
apache-maven-3.6.1/conf/
apache-maven-3.6.1/conf/logging/
apache-maven-3.6.1/conf/settings.xml
apache-maven-3.6.1/conf/toolchains.xml
apache-maven-3.6.1/conf/logging/simplelogger.properties
apache-maven-3.6.1/lib/ext/
apache-maven-3.6.1/lib/jansi-native/
apache-maven-3.6.1/lib/ext/README.txt
apache-maven-3.6.1/lib/jansi-native/README.txt
apache-maven-3.6.1/boot/plexus-classworlds-2.6.0.jar
apache-maven-3.6.1/lib/maven-embedder-3.6.1.jar
apache-maven-3.6.1/lib/maven-settings-3.6.1.jar
apache-maven-3.6.1/lib/plexus-utils-3.2.0.jar
apache-maven-3.6.1/lib/maven-settings-builder-3.6.1.jar
apache-maven-3.6.1/lib/maven-builder-support-3.6.1.jar
apache-maven-3.6.1/lib/plexus-interpolation-1.25.jar
apache-maven-3.6.1/lib/plexus-component-annotations-1.7.1.jar
apache-maven-3.6.1/lib/plexus-sec-dispatcher-1.4.jar
apache-maven-3.6.1/lib/plexus-cipher-1.7.jar
apache-maven-3.6.1/lib/maven-core-3.6.1.jar
apache-maven-3.6.1/lib/maven-model-3.6.1.jar
apache-maven-3.6.1/lib/maven-repository-metadata-3.6.1.jar
apache-maven-3.6.1/lib/maven-artifact-3.6.1.jar
apache-maven-3.6.1/lib/commons-lang3-3.8.1.jar
apache-maven-3.6.1/lib/maven-plugin-api-3.6.1.jar
apache-maven-3.6.1/lib/org.eclipse.sisu.plexus-0.3.3.jar
apache-maven-3.6.1/lib/cdi-api-1.0.jar
apache-maven-3.6.1/lib/jsr250-api-1.0.jar
apache-maven-3.6.1/lib/javax.inject-1.jar
apache-maven-3.6.1/lib/org.eclipse.sisu.inject-0.3.3.jar
apache-maven-3.6.1/lib/maven-model-builder-3.6.1.jar
apache-maven-3.6.1/lib/maven-resolver-provider-3.6.1.jar
apache-maven-3.6.1/lib/maven-resolver-api-1.3.3.jar
apache-maven-3.6.1/lib/maven-resolver-spi-1.3.3.jar
apache-maven-3.6.1/lib/maven-resolver-util-1.3.3.jar
apache-maven-3.6.1/lib/maven-resolver-impl-1.3.3.jar
apache-maven-3.6.1/lib/slf4j-api-1.7.25.jar
apache-maven-3.6.1/lib/maven-shared-utils-3.2.1.jar
apache-maven-3.6.1/lib/commons-io-2.5.jar
apache-maven-3.6.1/lib/guice-4.2.1-no_aop.jar
apache-maven-3.6.1/lib/aopalliance-1.0.jar
apache-maven-3.6.1/lib/guava-25.1-android.jar
apache-maven-3.6.1/lib/jsr305-3.0.2.jar
apache-maven-3.6.1/lib/checker-compat-qual-2.0.0.jar
apache-maven-3.6.1/lib/error_prone_annotations-2.1.3.jar
apache-maven-3.6.1/lib/j2objc-annotations-1.1.jar
apache-maven-3.6.1/lib/animal-sniffer-annotations-1.14.jar
apache-maven-3.6.1/lib/commons-cli-1.4.jar
apache-maven-3.6.1/lib/maven-compat-3.6.1.jar
apache-maven-3.6.1/lib/wagon-provider-api-3.3.2.jar
apache-maven-3.6.1/lib/wagon-http-3.3.2-shaded.jar
apache-maven-3.6.1/lib/jcl-over-slf4j-1.7.25.jar
apache-maven-3.6.1/lib/wagon-file-3.3.2.jar
apache-maven-3.6.1/lib/maven-resolver-connector-basic-1.3.3.jar
apache-maven-3.6.1/lib/maven-resolver-transport-wagon-1.3.3.jar
apache-maven-3.6.1/lib/maven-slf4j-provider-3.6.1.jar
apache-maven-3.6.1/lib/jansi-1.17.1.jar
[centos@ip-10-100-10-75 src]$ ls
apache-maven-3.6.1  apache-maven-3.6.1-bin.tar.gz
[centos@ip-10-100-10-75 src]$ sudo mv apache-maven-3.6.1 apache-maven
[centos@ip-10-100-10-75 src]$ cd /etc/profile.d
[centos@ip-10-100-10-75 profile.d]$ vi maven.sh
[centos@ip-10-100-10-75 profile.d]$ sudo vi maven.sh
[centos@ip-10-100-10-75 profile.d]$ ll
total 64
-rw-r--r--. 1 root root  771 Oct 30  2018 256term.csh
-rw-r--r--. 1 root root  841 Oct 30  2018 256term.sh
-rw-r--r--. 1 root root  196 Mar 24  2017 colorgrep.csh
-rw-r--r--. 1 root root  201 Mar 24  2017 colorgrep.sh
-rw-r--r--. 1 root root 1741 Oct 30  2018 colorls.csh
-rw-r--r--. 1 root root 1606 Oct 30  2018 colorls.sh
-rw-r--r--. 1 root root   80 Oct 30  2018 csh.local
-rw-r--r--. 1 root root  162 May  9 06:41 java.sh
-rw-r--r--. 1 root root 1706 Oct 30  2018 lang.csh
-rw-r--r--. 1 root root 2703 Oct 30  2018 lang.sh
-rw-r--r--. 1 root root  123 Jul 30  2015 less.csh
-rw-r--r--. 1 root root  121 Jul 30  2015 less.sh
-rw-r--r--. 1 root root  163 May  9 06:44 maven.sh
-rw-r--r--. 1 root root   81 Oct 30  2018 sh.local
-rw-r--r--. 1 root root  164 Jan 27  2014 which2.csh
-rw-r--r--. 1 root root  169 Jan 27  2014 which2.sh
[centos@ip-10-100-10-75 profile.d]$ chmod +x java.sh maven.sh
chmod: changing permissions of ‘java.sh’: Operation not permitted
chmod: changing permissions of ‘maven.sh’: Operation not permitted
[centos@ip-10-100-10-75 profile.d]$ sudo chmod +x java.sh maven.sh
[centos@ip-10-100-10-75 profile.d]$ ll
total 64
-rw-r--r--. 1 root root  771 Oct 30  2018 256term.csh
-rw-r--r--. 1 root root  841 Oct 30  2018 256term.sh
-rw-r--r--. 1 root root  196 Mar 24  2017 colorgrep.csh
-rw-r--r--. 1 root root  201 Mar 24  2017 colorgrep.sh
-rw-r--r--. 1 root root 1741 Oct 30  2018 colorls.csh
-rw-r--r--. 1 root root 1606 Oct 30  2018 colorls.sh
-rw-r--r--. 1 root root   80 Oct 30  2018 csh.local
-rwxr-xr-x. 1 root root  162 May  9 06:41 java.sh
-rw-r--r--. 1 root root 1706 Oct 30  2018 lang.csh
-rw-r--r--. 1 root root 2703 Oct 30  2018 lang.sh
-rw-r--r--. 1 root root  123 Jul 30  2015 less.csh
-rw-r--r--. 1 root root  121 Jul 30  2015 less.sh
-rwxr-xr-x. 1 root root  163 May  9 06:44 maven.sh
-rw-r--r--. 1 root root   81 Oct 30  2018 sh.local
-rw-r--r--. 1 root root  164 Jan 27  2014 which2.csh
-rw-r--r--. 1 root root  169 Jan 27  2014 which2.sh
[centos@ip-10-100-10-75 profile.d]$ source java.sh
[centos@ip-10-100-10-75 profile.d]$ source maven.sh
[centos@ip-10-100-10-75 profile.d]$ mvn --version
Apache Maven 3.6.1 (d66c9c0b3152b2e69ee9bac180bb8fcc8e6af555; 2019-04-04T19:00:29Z)
Maven home: /usr/local/src/apache-maven
Java version: 12.0.1, vendor: Oracle Corporation, runtime: /opt/jdk-12.0.1
Default locale: en_US, platform encoding: UTF-8
OS name: "linux", version: "3.10.0-957.1.3.el7.x86_64", arch: "amd64", family: "unix"
[centos@ip-10-100-10-75 profile.d]$ which git
/usr/bin/git
[centos@ip-10-100-10-75 profile.d]$
